PB conv_pkg conv_pkg /export/home/blink/scratch/models/adc5g_char_b00/sysgen/synth_model/adc5g_char_b00.vhd sub00/vhpl05 1321479370
AR reinterpret_28b9ecc6fc behavior /export/home/blink/scratch/models/adc5g_char_b00/sysgen/synth_model/adc5g_char_b00.vhd sub00/vhpl90 1321479455
AR inverter_e5b38cca3b behavior /export/home/blink/scratch/models/adc5g_char_b00/sysgen/synth_model/adc5g_char_b00.vhd sub00/vhpl20 1321479385
AR xlregister behavior /export/home/blink/scratch/models/adc5g_char_b00/sysgen/synth_model/adc5g_char_b00.vhd sub00/vhpl42 1321479407
EN split_entity_7d7928af0b NULL /export/home/blink/scratch/models/adc5g_char_b00/sysgen/synth_model/adc5g_char_b00.vhd sub01/vhpl109 1321479474
EN constant_a7e2bb9e12 NULL /export/home/blink/scratch/models/adc5g_char_b00/sysgen/synth_model/adc5g_char_b00.vhd sub00/vhpl59 1321479424
AR xldelay behavior /export/home/blink/scratch/models/adc5g_char_b00/sysgen/synth_model/adc5g_char_b00.vhd sub00/vhpl18 1321479383
EN constant_e8ddc079e9 NULL /export/home/blink/scratch/models/adc5g_char_b00/sysgen/synth_model/adc5g_char_b00.vhd sub00/vhpl61 1321479426
EN join_entity_f33272f3dc NULL /export/home/blink/scratch/models/adc5g_char_b00/sysgen/synth_model/adc5g_char_b00.vhd sub01/vhpl107 1321479472
EN xldelay NULL /export/home/blink/scratch/models/adc5g_char_b00/sysgen/synth_model/adc5g_char_b00.vhd sub00/vhpl17 1321479382
AR inverter_6844eee868 behavior /export/home/blink/scratch/models/adc5g_char_b00/sysgen/synth_model/adc5g_char_b00.vhd sub00/vhpl34 1321479399
EN convert_func_call NULL /export/home/blink/scratch/models/adc5g_char_b00/sysgen/synth_model/adc5g_char_b00.vhd sub00/vhpl25 1321479390
EN concat_fd1ce36c4a NULL /export/home/blink/scratch/models/adc5g_char_b00/sysgen/synth_model/adc5g_char_b00.vhd sub00/vhpl49 1321479414
EN basic_ctrl_entity_ffd61ab2af NULL /export/home/blink/scratch/models/adc5g_char_b00/sysgen/synth_model/adc5g_char_b00.vhd sub01/vhpl103 1321479468
EN add_gen_entity_e815cd5710 NULL /export/home/blink/scratch/models/adc5g_char_b00/sysgen/synth_model/adc5g_char_b00.vhd sub00/vhpl97 1321479462
EN mux_ddf27bda35 NULL /export/home/blink/scratch/models/adc5g_char_b00/sysgen/synth_model/adc5g_char_b00.vhd sub00/vhpl53 1321479418
EN logical_dfe2dded7f NULL /export/home/blink/scratch/models/adc5g_char_b00/sysgen/synth_model/adc5g_char_b00.vhd sub00/vhpl73 1321479438
AR edge_detect_entity_e0ab79dfdf structural /export/home/blink/scratch/models/adc5g_char_b00/sysgen/synth_model/adc5g_char_b00.vhd sub01/vhpl102 1321479467
AR default_clock_driver structural /export/home/blink/scratch/models/adc5g_char_b00/sysgen/synth_model/adc5g_char_b00_cw.vhd sub01/vhpl124 1321479489
AR delay_9f02caa990 behavior /export/home/blink/scratch/models/adc5g_char_b00/sysgen/synth_model/adc5g_char_b00.vhd sub00/vhpl30 1321479395
AR add_gen_entity_e815cd5710 structural /export/home/blink/scratch/models/adc5g_char_b00/sysgen/synth_model/adc5g_char_b00.vhd sub00/vhpl98 1321479463
AR logical_80f90b97d0 behavior /export/home/blink/scratch/models/adc5g_char_b00/sysgen/synth_model/adc5g_char_b00.vhd sub00/vhpl78 1321479443
EN mux_d99e59b6d4 NULL /export/home/blink/scratch/models/adc5g_char_b00/sysgen/synth_model/adc5g_char_b00.vhd sub00/vhpl71 1321479436
AR constant_a7e2bb9e12 behavior /export/home/blink/scratch/models/adc5g_char_b00/sysgen/synth_model/adc5g_char_b00.vhd sub00/vhpl60 1321479425
AR split_entity_7d7928af0b structural /export/home/blink/scratch/models/adc5g_char_b00/sysgen/synth_model/adc5g_char_b00.vhd sub01/vhpl110 1321479475
EN mux_c3e1ddb86e NULL /export/home/blink/scratch/models/adc5g_char_b00/sysgen/synth_model/adc5g_char_b00.vhd sub00/vhpl83 1321479448
EN delay_87cc993d41 NULL /export/home/blink/scratch/models/adc5g_char_b00/sysgen/synth_model/adc5g_char_b00.vhd sub00/vhpl91 1321479456
PH clock_pkg NULL /export/home/blink/scratch/models/adc5g_char_b00/sysgen/synth_model/adc5g_char_b00.vhd sub00/vhpl06 1321479371
AR dram_munge_entity_10fb8332c8 structural /export/home/blink/scratch/models/adc5g_char_b00/sysgen/synth_model/adc5g_char_b00.vhd sub01/vhpl100 1321479465
EN constant_cda50df78a NULL /export/home/blink/scratch/models/adc5g_char_b00/sysgen/synth_model/adc5g_char_b00.vhd sub00/vhpl57 1321479422
AR relational_5f1eb17108 behavior /export/home/blink/scratch/models/adc5g_char_b00/sysgen/synth_model/adc5g_char_b00.vhd sub00/vhpl56 1321479421
EN dram_munge_entity_10fb8332c8 NULL /export/home/blink/scratch/models/adc5g_char_b00/sysgen/synth_model/adc5g_char_b00.vhd sub00/vhpl99 1321479464
AR convert_func_call behavior /export/home/blink/scratch/models/adc5g_char_b00/sysgen/synth_model/adc5g_char_b00.vhd sub00/vhpl26 1321479391
AR concat_fd1ce36c4a behavior /export/home/blink/scratch/models/adc5g_char_b00/sysgen/synth_model/adc5g_char_b00.vhd sub00/vhpl50 1321479415
AR delay_ee0f706095 behavior /export/home/blink/scratch/models/adc5g_char_b00/sysgen/synth_model/adc5g_char_b00.vhd sub00/vhpl32 1321479397
AR bram_entity_06393653e3 structural /export/home/blink/scratch/models/adc5g_char_b00/sysgen/synth_model/adc5g_char_b00.vhd sub01/vhpl114 1321479479
EN concat_b11ec1c0d4 NULL /export/home/blink/scratch/models/adc5g_char_b00/sysgen/synth_model/adc5g_char_b00.vhd sub00/vhpl85 1321479450
AR join_entity_f33272f3dc structural /export/home/blink/scratch/models/adc5g_char_b00/sysgen/synth_model/adc5g_char_b00.vhd sub01/vhpl108 1321479473
EN xlcounter_free NULL /export/home/blink/scratch/models/adc5g_char_b00/sysgen/synth_model/adc5g_char_b00.vhd sub00/vhpl45 1321479410
AR adc5g_char_b00 structural /export/home/blink/scratch/models/adc5g_char_b00/sysgen/synth_model/adc5g_char_b00.vhd sub01/vhpl120 1321479485
EN snapshot0_entity_33718b74d5 NULL /export/home/blink/scratch/models/adc5g_char_b00/sysgen/synth_model/adc5g_char_b00.vhd sub01/vhpl117 1321479482
AR constant_6293007044 behavior /export/home/blink/scratch/models/adc5g_char_b00/sysgen/synth_model/adc5g_char_b00.vhd sub00/vhpl76 1321479441
EN binary_counter_virtex5_11_0_dfcd34dfb8805954 NULL /export/home/blink/scratch/models/adc5g_char_b00/sysgen/synth_model/adc5g_char_b00.vhd sub00/vhpl00 1321479365
EN addsub_c13097e33e NULL /export/home/blink/scratch/models/adc5g_char_b00/sysgen/synth_model/adc5g_char_b00.vhd sub00/vhpl79 1321479444
EN bram_entity_06393653e3 NULL /export/home/blink/scratch/models/adc5g_char_b00/sysgen/synth_model/adc5g_char_b00.vhd sub01/vhpl113 1321479478
EN logical_954ee29728 NULL /export/home/blink/scratch/models/adc5g_char_b00/sysgen/synth_model/adc5g_char_b00.vhd sub00/vhpl39 1321479404
EN relational_5f1eb17108 NULL /export/home/blink/scratch/models/adc5g_char_b00/sysgen/synth_model/adc5g_char_b00.vhd sub00/vhpl55 1321479420
EN single_reg_w_init NULL /export/home/blink/scratch/models/adc5g_char_b00/sysgen/synth_model/adc5g_char_b00.vhd sub00/vhpl13 1321479378
EN shift_8b3da62244 NULL /export/home/blink/scratch/models/adc5g_char_b00/sysgen/synth_model/adc5g_char_b00.vhd sub00/vhpl43 1321479408
AR binary_counter_virtex5_11_0_dfcd34dfb8805954 binary_counter_virtex5_11_0_dfcd34dfb8805954_a /export/home/blink/scratch/models/adc5g_char_b00/sysgen/synth_model/adc5g_char_b00.vhd sub00/vhpl01 1321479366
AR srl17e structural /export/home/blink/scratch/models/adc5g_char_b00/sysgen/synth_model/adc5g_char_b00.vhd sub00/vhpl08 1321479373
AR mux_d99e59b6d4 behavior /export/home/blink/scratch/models/adc5g_char_b00/sysgen/synth_model/adc5g_char_b00.vhd sub00/vhpl72 1321479437
AR concat_e2aa47955c behavior /export/home/blink/scratch/models/adc5g_char_b00/sysgen/synth_model/adc5g_char_b00.vhd sub00/vhpl82 1321479447
PH conv_pkg NULL /export/home/blink/scratch/models/adc5g_char_b00/sysgen/synth_model/adc5g_char_b00.vhd sub00/vhpl04 1321479369
EN edge_detect_entity_20e9d1a092 NULL /export/home/blink/scratch/models/adc5g_char_b00/sysgen/synth_model/adc5g_char_b00.vhd sub00/vhpl95 1321479460
AR xlcounter_free behavior /export/home/blink/scratch/models/adc5g_char_b00/sysgen/synth_model/adc5g_char_b00.vhd sub00/vhpl46 1321479411
EN srl17e NULL /export/home/blink/scratch/models/adc5g_char_b00/sysgen/synth_model/adc5g_char_b00.vhd sub00/vhpl07 1321479372
EN concat_96b2f1cb93 NULL /export/home/blink/scratch/models/adc5g_char_b00/sysgen/synth_model/adc5g_char_b00.vhd sub00/vhpl93 1321479458
AR logical_799f62af22 behavior /export/home/blink/scratch/models/adc5g_char_b00/sysgen/synth_model/adc5g_char_b00.vhd sub00/vhpl36 1321479401
AR constant_91ef1678ca behavior /export/home/blink/scratch/models/adc5g_char_b00/sysgen/synth_model/adc5g_char_b00.vhd sub00/vhpl52 1321479417
AR single_reg_w_init structural /export/home/blink/scratch/models/adc5g_char_b00/sysgen/synth_model/adc5g_char_b00.vhd sub00/vhpl14 1321479379
EN reinterpret_c5d4d59b73 NULL /export/home/blink/scratch/models/adc5g_char_b00/sysgen/synth_model/adc5g_char_b00.vhd sub00/vhpl87 1321479452
EN logical_aacf6e1b0e NULL /export/home/blink/scratch/models/adc5g_char_b00/sysgen/synth_model/adc5g_char_b00.vhd sub00/vhpl37 1321479402
EN logical_799f62af22 NULL /export/home/blink/scratch/models/adc5g_char_b00/sysgen/synth_model/adc5g_char_b00.vhd sub00/vhpl35 1321479400
AR logical_f6397bdee1 behavior /export/home/blink/scratch/models/adc5g_char_b00/sysgen/synth_model/adc5g_char_b00.vhd sub00/vhpl22 1321479387
EN constant_6293007044 NULL /export/home/blink/scratch/models/adc5g_char_b00/sysgen/synth_model/adc5g_char_b00.vhd sub00/vhpl75 1321479440
AR adc5g_char_b00_cw structural /export/home/blink/scratch/models/adc5g_char_b00/sysgen/synth_model/adc5g_char_b00_cw.vhd sub01/vhpl126 1321479491
AR concat_1a6baff97c behavior /export/home/blink/scratch/models/adc5g_char_b00/sysgen/synth_model/adc5g_char_b00.vhd sub00/vhpl24 1321479389
EN inverter_6844eee868 NULL /export/home/blink/scratch/models/adc5g_char_b00/sysgen/synth_model/adc5g_char_b00.vhd sub00/vhpl33 1321479398
EN mux_5441ad2d93 NULL /export/home/blink/scratch/models/adc5g_char_b00/sysgen/synth_model/adc5g_char_b00.vhd sub00/vhpl65 1321479430
EN synth_reg_w_init NULL /export/home/blink/scratch/models/adc5g_char_b00/sysgen/synth_model/adc5g_char_b00.vhd sub00/vhpl15 1321479380
EN reinterpret_28b9ecc6fc NULL /export/home/blink/scratch/models/adc5g_char_b00/sysgen/synth_model/adc5g_char_b00.vhd sub00/vhpl89 1321479454
EN calc_add_entity_852e351bf6 NULL /export/home/blink/scratch/models/adc5g_char_b00/sysgen/synth_model/adc5g_char_b00.vhd sub01/vhpl105 1321479470
AR synth_reg structural /export/home/blink/scratch/models/adc5g_char_b00/sysgen/synth_model/adc5g_char_b00.vhd sub00/vhpl10 1321479375
AR synth_reg_reg behav /export/home/blink/scratch/models/adc5g_char_b00/sysgen/synth_model/adc5g_char_b00.vhd sub00/vhpl12 1321479377
AR logical_dfe2dded7f behavior /export/home/blink/scratch/models/adc5g_char_b00/sysgen/synth_model/adc5g_char_b00.vhd sub00/vhpl74 1321479439
EN adc5g_char_b00 NULL /export/home/blink/scratch/models/adc5g_char_b00/sysgen/synth_model/adc5g_char_b00.vhd sub01/vhpl119 1321479484
AR xlclockdriver behavior /export/home/blink/scratch/models/adc5g_char_b00/sysgen/synth_model/adc5g_char_b00_cw.vhd sub01/vhpl122 1321479487
AR xlconvert behavior /export/home/blink/scratch/models/adc5g_char_b00/sysgen/synth_model/adc5g_char_b00.vhd sub00/vhpl28 1321479393
AR xlslice behavior /export/home/blink/scratch/models/adc5g_char_b00/sysgen/synth_model/adc5g_char_b00.vhd sub00/vhpl48 1321479413
EN synth_reg NULL /export/home/blink/scratch/models/adc5g_char_b00/sysgen/synth_model/adc5g_char_b00.vhd sub00/vhpl09 1321479374
EN xlclockdriver NULL /export/home/blink/scratch/models/adc5g_char_b00/sysgen/synth_model/adc5g_char_b00_cw.vhd sub01/vhpl121 1321479486
EN delay_ee0f706095 NULL /export/home/blink/scratch/models/adc5g_char_b00/sysgen/synth_model/adc5g_char_b00.vhd sub00/vhpl31 1321479396
EN inverter_e5b38cca3b NULL /export/home/blink/scratch/models/adc5g_char_b00/sysgen/synth_model/adc5g_char_b00.vhd sub00/vhpl19 1321479384
AR snapshot0_entity_33718b74d5 structural /export/home/blink/scratch/models/adc5g_char_b00/sysgen/synth_model/adc5g_char_b00.vhd sub01/vhpl118 1321479483
EN constant_3a9a3daeb9 NULL /export/home/blink/scratch/models/adc5g_char_b00/sysgen/synth_model/adc5g_char_b00.vhd sub00/vhpl63 1321479428
AR shift_8b3da62244 behavior /export/home/blink/scratch/models/adc5g_char_b00/sysgen/synth_model/adc5g_char_b00.vhd sub00/vhpl44 1321479409
EN binary_counter_virtex5_11_0_d1f139f5324467d6 NULL /export/home/blink/scratch/models/adc5g_char_b00/sysgen/synth_model/adc5g_char_b00.vhd sub00/vhpl02 1321479367
EN xlconvert NULL /export/home/blink/scratch/models/adc5g_char_b00/sysgen/synth_model/adc5g_char_b00.vhd sub00/vhpl27 1321479392
AR logical_954ee29728 behavior /export/home/blink/scratch/models/adc5g_char_b00/sysgen/synth_model/adc5g_char_b00.vhd sub00/vhpl40 1321479405
AR addsub_c13097e33e behavior /export/home/blink/scratch/models/adc5g_char_b00/sysgen/synth_model/adc5g_char_b00.vhd sub00/vhpl80 1321479445
AR constant_963ed6358a behavior /export/home/blink/scratch/models/adc5g_char_b00/sysgen/synth_model/adc5g_char_b00.vhd sub00/vhpl70 1321479435
AR calc_add_entity_852e351bf6 structural /export/home/blink/scratch/models/adc5g_char_b00/sysgen/synth_model/adc5g_char_b00.vhd sub01/vhpl106 1321479471
EN logical_80f90b97d0 NULL /export/home/blink/scratch/models/adc5g_char_b00/sysgen/synth_model/adc5g_char_b00.vhd sub00/vhpl77 1321479442
EN xlslice NULL /export/home/blink/scratch/models/adc5g_char_b00/sysgen/synth_model/adc5g_char_b00.vhd sub00/vhpl47 1321479412
AR constant_cda50df78a behavior /export/home/blink/scratch/models/adc5g_char_b00/sysgen/synth_model/adc5g_char_b00.vhd sub00/vhpl58 1321479423
AR status_entity_01be868a58 structural /export/home/blink/scratch/models/adc5g_char_b00/sysgen/synth_model/adc5g_char_b00.vhd sub01/vhpl116 1321479481
EN constant_963ed6358a NULL /export/home/blink/scratch/models/adc5g_char_b00/sysgen/synth_model/adc5g_char_b00.vhd sub00/vhpl69 1321479434
AR constant_3a9a3daeb9 behavior /export/home/blink/scratch/models/adc5g_char_b00/sysgen/synth_model/adc5g_char_b00.vhd sub00/vhpl64 1321479429
AR mux_5441ad2d93 behavior /export/home/blink/scratch/models/adc5g_char_b00/sysgen/synth_model/adc5g_char_b00.vhd sub00/vhpl66 1321479431
AR logical_aacf6e1b0e behavior /export/home/blink/scratch/models/adc5g_char_b00/sysgen/synth_model/adc5g_char_b00.vhd sub00/vhpl38 1321479403
AR reinterpret_c5d4d59b73 behavior /export/home/blink/scratch/models/adc5g_char_b00/sysgen/synth_model/adc5g_char_b00.vhd sub00/vhpl88 1321479453
AR edge_detect_entity_20e9d1a092 structural /export/home/blink/scratch/models/adc5g_char_b00/sysgen/synth_model/adc5g_char_b00.vhd sub00/vhpl96 1321479461
EN concat_e2aa47955c NULL /export/home/blink/scratch/models/adc5g_char_b00/sysgen/synth_model/adc5g_char_b00.vhd sub00/vhpl81 1321479446
AR concat_96b2f1cb93 behavior /export/home/blink/scratch/models/adc5g_char_b00/sysgen/synth_model/adc5g_char_b00.vhd sub00/vhpl94 1321479459
EN adc5g_char_b00_cw NULL /export/home/blink/scratch/models/adc5g_char_b00/sysgen/synth_model/adc5g_char_b00_cw.vhd sub01/vhpl125 1321479490
AR binary_counter_virtex5_11_0_d1f139f5324467d6 binary_counter_virtex5_11_0_d1f139f5324467d6_a /export/home/blink/scratch/models/adc5g_char_b00/sysgen/synth_model/adc5g_char_b00.vhd sub00/vhpl03 1321479368
EN delay_9f02caa990 NULL /export/home/blink/scratch/models/adc5g_char_b00/sysgen/synth_model/adc5g_char_b00.vhd sub00/vhpl29 1321479394
AR mux_c3e1ddb86e behavior /export/home/blink/scratch/models/adc5g_char_b00/sysgen/synth_model/adc5g_char_b00.vhd sub00/vhpl84 1321479449
AR delay_87cc993d41 behavior /export/home/blink/scratch/models/adc5g_char_b00/sysgen/synth_model/adc5g_char_b00.vhd sub00/vhpl92 1321479457
EN munge_in_entity_55031b9d05 NULL /export/home/blink/scratch/models/adc5g_char_b00/sysgen/synth_model/adc5g_char_b00.vhd sub01/vhpl111 1321479476
EN constant_91ef1678ca NULL /export/home/blink/scratch/models/adc5g_char_b00/sysgen/synth_model/adc5g_char_b00.vhd sub00/vhpl51 1321479416
EN counter_caa2b01eef NULL /export/home/blink/scratch/models/adc5g_char_b00/sysgen/synth_model/adc5g_char_b00.vhd sub00/vhpl67 1321479432
EN default_clock_driver NULL /export/home/blink/scratch/models/adc5g_char_b00/sysgen/synth_model/adc5g_char_b00_cw.vhd sub01/vhpl123 1321479488
EN status_entity_01be868a58 NULL /export/home/blink/scratch/models/adc5g_char_b00/sysgen/synth_model/adc5g_char_b00.vhd sub01/vhpl115 1321479480
EN edge_detect_entity_e0ab79dfdf NULL /export/home/blink/scratch/models/adc5g_char_b00/sysgen/synth_model/adc5g_char_b00.vhd sub01/vhpl101 1321479466
AR munge_in_entity_55031b9d05 structural /export/home/blink/scratch/models/adc5g_char_b00/sysgen/synth_model/adc5g_char_b00.vhd sub01/vhpl112 1321479477
AR concat_b11ec1c0d4 behavior /export/home/blink/scratch/models/adc5g_char_b00/sysgen/synth_model/adc5g_char_b00.vhd sub00/vhpl86 1321479451
AR basic_ctrl_entity_ffd61ab2af structural /export/home/blink/scratch/models/adc5g_char_b00/sysgen/synth_model/adc5g_char_b00.vhd sub01/vhpl104 1321479469
EN logical_f6397bdee1 NULL /export/home/blink/scratch/models/adc5g_char_b00/sysgen/synth_model/adc5g_char_b00.vhd sub00/vhpl21 1321479386
AR constant_e8ddc079e9 behavior /export/home/blink/scratch/models/adc5g_char_b00/sysgen/synth_model/adc5g_char_b00.vhd sub00/vhpl62 1321479427
EN synth_reg_reg NULL /export/home/blink/scratch/models/adc5g_char_b00/sysgen/synth_model/adc5g_char_b00.vhd sub00/vhpl11 1321479376
AR counter_caa2b01eef behavior /export/home/blink/scratch/models/adc5g_char_b00/sysgen/synth_model/adc5g_char_b00.vhd sub00/vhpl68 1321479433
AR synth_reg_w_init structural /export/home/blink/scratch/models/adc5g_char_b00/sysgen/synth_model/adc5g_char_b00.vhd sub00/vhpl16 1321479381
AR mux_ddf27bda35 behavior /export/home/blink/scratch/models/adc5g_char_b00/sysgen/synth_model/adc5g_char_b00.vhd sub00/vhpl54 1321479419
EN concat_1a6baff97c NULL /export/home/blink/scratch/models/adc5g_char_b00/sysgen/synth_model/adc5g_char_b00.vhd sub00/vhpl23 1321479388
EN xlregister NULL /export/home/blink/scratch/models/adc5g_char_b00/sysgen/synth_model/adc5g_char_b00.vhd sub00/vhpl41 1321479406
