V3 197
FL /export/home/blink/scratch/models/adc5g_char_b00/sysgen/synth_model/adc5g_char_b00.vhd 2011/11/16.16:36:01 L.33
EN work/binary_counter_virtex5_11_0_dfcd34dfb8805954 1321479365 \
      FL /export/home/blink/scratch/models/adc5g_char_b00/sysgen/synth_model/adc5g_char_b00.vhd \
      PB ieee/std_logic_1164 1251183421
AR work/binary_counter_virtex5_11_0_dfcd34dfb8805954/binary_counter_virtex5_11_0_dfcd34dfb8805954_a 1321479366 \
      FL /export/home/blink/scratch/models/adc5g_char_b00/sysgen/synth_model/adc5g_char_b00.vhd \
      EN work/binary_counter_virtex5_11_0_dfcd34dfb8805954 1321479365
EN work/binary_counter_virtex5_11_0_d1f139f5324467d6 1321479367 \
      FL /export/home/blink/scratch/models/adc5g_char_b00/sysgen/synth_model/adc5g_char_b00.vhd \
      PB ieee/std_logic_1164 1251183421
AR work/binary_counter_virtex5_11_0_d1f139f5324467d6/binary_counter_virtex5_11_0_d1f139f5324467d6_a 1321479368 \
      FL /export/home/blink/scratch/models/adc5g_char_b00/sysgen/synth_model/adc5g_char_b00.vhd \
      EN work/binary_counter_virtex5_11_0_d1f139f5324467d6 1321479367
PH work/conv_pkg 1321479369 \
      FL /export/home/blink/scratch/models/adc5g_char_b00/sysgen/synth_model/adc5g_char_b00.vhd \
      PB ieee/std_logic_1164 1251183421 PB ieee/NUMERIC_STD 1251183422
PB work/conv_pkg 1321479370 \
      FL /export/home/blink/scratch/models/adc5g_char_b00/sysgen/synth_model/adc5g_char_b00.vhd \
      PH work/conv_pkg 1321479369
PH work/clock_pkg 1321479371 \
      FL /export/home/blink/scratch/models/adc5g_char_b00/sysgen/synth_model/adc5g_char_b00.vhd \
      PB ieee/std_logic_1164 1251183421
EN work/srl17e 1321479372 \
      FL /export/home/blink/scratch/models/adc5g_char_b00/sysgen/synth_model/adc5g_char_b00.vhd \
      PB ieee/std_logic_1164 1251183421 PB work/conv_pkg 1321479370
AR work/srl17e/structural 1321479373 \
      FL /export/home/blink/scratch/models/adc5g_char_b00/sysgen/synth_model/adc5g_char_b00.vhd \
      EN work/srl17e 1321479372 CP srl16e CP fde
EN work/synth_reg 1321479374 \
      FL /export/home/blink/scratch/models/adc5g_char_b00/sysgen/synth_model/adc5g_char_b00.vhd \
      PB ieee/std_logic_1164 1251183421 PB work/conv_pkg 1321479370
AR work/synth_reg/structural 1321479375 \
      FL /export/home/blink/scratch/models/adc5g_char_b00/sysgen/synth_model/adc5g_char_b00.vhd \
      EN work/synth_reg 1321479374 CP srl17e
EN work/synth_reg_reg 1321479376 \
      FL /export/home/blink/scratch/models/adc5g_char_b00/sysgen/synth_model/adc5g_char_b00.vhd \
      PB ieee/std_logic_1164 1251183421 PB work/conv_pkg 1321479370
AR work/synth_reg_reg/behav 1321479377 \
      FL /export/home/blink/scratch/models/adc5g_char_b00/sysgen/synth_model/adc5g_char_b00.vhd \
      EN work/synth_reg_reg 1321479376
EN work/single_reg_w_init 1321479378 \
      FL /export/home/blink/scratch/models/adc5g_char_b00/sysgen/synth_model/adc5g_char_b00.vhd \
      PB ieee/std_logic_1164 1251183421 PB work/conv_pkg 1321479370
AR work/single_reg_w_init/structural 1321479379 \
      FL /export/home/blink/scratch/models/adc5g_char_b00/sysgen/synth_model/adc5g_char_b00.vhd \
      EN work/single_reg_w_init 1321479378 CP fdre CP fdse
EN work/synth_reg_w_init 1321479380 \
      FL /export/home/blink/scratch/models/adc5g_char_b00/sysgen/synth_model/adc5g_char_b00.vhd \
      PB ieee/std_logic_1164 1251183421 PB work/conv_pkg 1321479370
AR work/synth_reg_w_init/structural 1321479381 \
      FL /export/home/blink/scratch/models/adc5g_char_b00/sysgen/synth_model/adc5g_char_b00.vhd \
      EN work/synth_reg_w_init 1321479380 CP single_reg_w_init
EN work/xldelay 1321479382 \
      FL /export/home/blink/scratch/models/adc5g_char_b00/sysgen/synth_model/adc5g_char_b00.vhd \
      PB ieee/std_logic_1164 1251183421 PB work/conv_pkg 1321479370
AR work/xldelay/behavior 1321479383 \
      FL /export/home/blink/scratch/models/adc5g_char_b00/sysgen/synth_model/adc5g_char_b00.vhd \
      EN work/xldelay 1321479382 CP synth_reg CP synth_reg_reg
EN work/inverter_e5b38cca3b 1321479384 \
      FL /export/home/blink/scratch/models/adc5g_char_b00/sysgen/synth_model/adc5g_char_b00.vhd \
      PB ieee/std_logic_1164 1251183421 PB ieee/NUMERIC_STD 1251183422 \
      PB work/conv_pkg 1321479370
AR work/inverter_e5b38cca3b/behavior 1321479385 \
      FL /export/home/blink/scratch/models/adc5g_char_b00/sysgen/synth_model/adc5g_char_b00.vhd \
      EN work/inverter_e5b38cca3b 1321479384
EN work/logical_f6397bdee1 1321479386 \
      FL /export/home/blink/scratch/models/adc5g_char_b00/sysgen/synth_model/adc5g_char_b00.vhd \
      PB ieee/std_logic_1164 1251183421 PB ieee/NUMERIC_STD 1251183422 \
      PB work/conv_pkg 1321479370
AR work/logical_f6397bdee1/behavior 1321479387 \
      FL /export/home/blink/scratch/models/adc5g_char_b00/sysgen/synth_model/adc5g_char_b00.vhd \
      EN work/logical_f6397bdee1 1321479386
EN work/concat_1a6baff97c 1321479388 \
      FL /export/home/blink/scratch/models/adc5g_char_b00/sysgen/synth_model/adc5g_char_b00.vhd \
      PB ieee/std_logic_1164 1251183421 PB ieee/NUMERIC_STD 1251183422 \
      PB work/conv_pkg 1321479370
AR work/concat_1a6baff97c/behavior 1321479389 \
      FL /export/home/blink/scratch/models/adc5g_char_b00/sysgen/synth_model/adc5g_char_b00.vhd \
      EN work/concat_1a6baff97c 1321479388
EN work/convert_func_call 1321479390 \
      FL /export/home/blink/scratch/models/adc5g_char_b00/sysgen/synth_model/adc5g_char_b00.vhd \
      PB ieee/std_logic_1164 1251183421 PB work/conv_pkg 1321479370
AR work/convert_func_call/behavior 1321479391 \
      FL /export/home/blink/scratch/models/adc5g_char_b00/sysgen/synth_model/adc5g_char_b00.vhd \
      EN work/convert_func_call 1321479390
EN work/xlconvert 1321479392 \
      FL /export/home/blink/scratch/models/adc5g_char_b00/sysgen/synth_model/adc5g_char_b00.vhd \
      PB ieee/std_logic_1164 1251183421 PB work/conv_pkg 1321479370
AR work/xlconvert/behavior 1321479393 \
      FL /export/home/blink/scratch/models/adc5g_char_b00/sysgen/synth_model/adc5g_char_b00.vhd \
      EN work/xlconvert 1321479392 CP convert_func_call CP synth_reg
EN work/delay_9f02caa990 1321479394 \
      FL /export/home/blink/scratch/models/adc5g_char_b00/sysgen/synth_model/adc5g_char_b00.vhd \
      PB ieee/std_logic_1164 1251183421 PB ieee/NUMERIC_STD 1251183422 \
      PB work/conv_pkg 1321479370
AR work/delay_9f02caa990/behavior 1321479395 \
      FL /export/home/blink/scratch/models/adc5g_char_b00/sysgen/synth_model/adc5g_char_b00.vhd \
      EN work/delay_9f02caa990 1321479394
EN work/delay_ee0f706095 1321479396 \
      FL /export/home/blink/scratch/models/adc5g_char_b00/sysgen/synth_model/adc5g_char_b00.vhd \
      PB ieee/std_logic_1164 1251183421 PB ieee/NUMERIC_STD 1251183422 \
      PB work/conv_pkg 1321479370
AR work/delay_ee0f706095/behavior 1321479397 \
      FL /export/home/blink/scratch/models/adc5g_char_b00/sysgen/synth_model/adc5g_char_b00.vhd \
      EN work/delay_ee0f706095 1321479396
EN work/inverter_6844eee868 1321479398 \
      FL /export/home/blink/scratch/models/adc5g_char_b00/sysgen/synth_model/adc5g_char_b00.vhd \
      PB ieee/std_logic_1164 1251183421 PB ieee/NUMERIC_STD 1251183422 \
      PB work/conv_pkg 1321479370
AR work/inverter_6844eee868/behavior 1321479399 \
      FL /export/home/blink/scratch/models/adc5g_char_b00/sysgen/synth_model/adc5g_char_b00.vhd \
      EN work/inverter_6844eee868 1321479398
EN work/logical_799f62af22 1321479400 \
      FL /export/home/blink/scratch/models/adc5g_char_b00/sysgen/synth_model/adc5g_char_b00.vhd \
      PB ieee/std_logic_1164 1251183421 PB ieee/NUMERIC_STD 1251183422 \
      PB work/conv_pkg 1321479370
AR work/logical_799f62af22/behavior 1321479401 \
      FL /export/home/blink/scratch/models/adc5g_char_b00/sysgen/synth_model/adc5g_char_b00.vhd \
      EN work/logical_799f62af22 1321479400
EN work/logical_aacf6e1b0e 1321479402 \
      FL /export/home/blink/scratch/models/adc5g_char_b00/sysgen/synth_model/adc5g_char_b00.vhd \
      PB ieee/std_logic_1164 1251183421 PB ieee/NUMERIC_STD 1251183422 \
      PB work/conv_pkg 1321479370
AR work/logical_aacf6e1b0e/behavior 1321479403 \
      FL /export/home/blink/scratch/models/adc5g_char_b00/sysgen/synth_model/adc5g_char_b00.vhd \
      EN work/logical_aacf6e1b0e 1321479402
EN work/logical_954ee29728 1321479404 \
      FL /export/home/blink/scratch/models/adc5g_char_b00/sysgen/synth_model/adc5g_char_b00.vhd \
      PB ieee/std_logic_1164 1251183421 PB ieee/NUMERIC_STD 1251183422 \
      PB work/conv_pkg 1321479370
AR work/logical_954ee29728/behavior 1321479405 \
      FL /export/home/blink/scratch/models/adc5g_char_b00/sysgen/synth_model/adc5g_char_b00.vhd \
      EN work/logical_954ee29728 1321479404
EN work/xlregister 1321479406 \
      FL /export/home/blink/scratch/models/adc5g_char_b00/sysgen/synth_model/adc5g_char_b00.vhd \
      PB ieee/std_logic_1164 1251183421 PB work/conv_pkg 1321479370
AR work/xlregister/behavior 1321479407 \
      FL /export/home/blink/scratch/models/adc5g_char_b00/sysgen/synth_model/adc5g_char_b00.vhd \
      EN work/xlregister 1321479406 CP synth_reg_w_init
EN work/shift_8b3da62244 1321479408 \
      FL /export/home/blink/scratch/models/adc5g_char_b00/sysgen/synth_model/adc5g_char_b00.vhd \
      PB ieee/std_logic_1164 1251183421 PB ieee/NUMERIC_STD 1251183422 \
      PB work/conv_pkg 1321479370
AR work/shift_8b3da62244/behavior 1321479409 \
      FL /export/home/blink/scratch/models/adc5g_char_b00/sysgen/synth_model/adc5g_char_b00.vhd \
      EN work/shift_8b3da62244 1321479408
EN work/xlcounter_free 1321479410 \
      FL /export/home/blink/scratch/models/adc5g_char_b00/sysgen/synth_model/adc5g_char_b00.vhd \
      PB ieee/std_logic_1164 1251183421 PB work/conv_pkg 1321479370
AR work/xlcounter_free/behavior 1321479411 \
      FL /export/home/blink/scratch/models/adc5g_char_b00/sysgen/synth_model/adc5g_char_b00.vhd \
      EN work/xlcounter_free 1321479410 \
      CP binary_counter_virtex5_11_0_d1f139f5324467d6 \
      CP binary_counter_virtex5_11_0_dfcd34dfb8805954
EN work/xlslice 1321479412 \
      FL /export/home/blink/scratch/models/adc5g_char_b00/sysgen/synth_model/adc5g_char_b00.vhd \
      PB ieee/std_logic_1164 1251183421 PB ieee/std_logic_arith 1251183422 \
      PB work/conv_pkg 1321479370
AR work/xlslice/behavior 1321479413 \
      FL /export/home/blink/scratch/models/adc5g_char_b00/sysgen/synth_model/adc5g_char_b00.vhd \
      EN work/xlslice 1321479412
EN work/concat_fd1ce36c4a 1321479414 \
      FL /export/home/blink/scratch/models/adc5g_char_b00/sysgen/synth_model/adc5g_char_b00.vhd \
      PB ieee/std_logic_1164 1251183421 PB ieee/NUMERIC_STD 1251183422 \
      PB work/conv_pkg 1321479370
AR work/concat_fd1ce36c4a/behavior 1321479415 \
      FL /export/home/blink/scratch/models/adc5g_char_b00/sysgen/synth_model/adc5g_char_b00.vhd \
      EN work/concat_fd1ce36c4a 1321479414
EN work/constant_91ef1678ca 1321479416 \
      FL /export/home/blink/scratch/models/adc5g_char_b00/sysgen/synth_model/adc5g_char_b00.vhd \
      PB ieee/std_logic_1164 1251183421 PB ieee/NUMERIC_STD 1251183422 \
      PB work/conv_pkg 1321479370
AR work/constant_91ef1678ca/behavior 1321479417 \
      FL /export/home/blink/scratch/models/adc5g_char_b00/sysgen/synth_model/adc5g_char_b00.vhd \
      EN work/constant_91ef1678ca 1321479416
EN work/mux_ddf27bda35 1321479418 \
      FL /export/home/blink/scratch/models/adc5g_char_b00/sysgen/synth_model/adc5g_char_b00.vhd \
      PB ieee/std_logic_1164 1251183421 PB ieee/NUMERIC_STD 1251183422 \
      PB work/conv_pkg 1321479370
AR work/mux_ddf27bda35/behavior 1321479419 \
      FL /export/home/blink/scratch/models/adc5g_char_b00/sysgen/synth_model/adc5g_char_b00.vhd \
      EN work/mux_ddf27bda35 1321479418
EN work/relational_5f1eb17108 1321479420 \
      FL /export/home/blink/scratch/models/adc5g_char_b00/sysgen/synth_model/adc5g_char_b00.vhd \
      PB ieee/std_logic_1164 1251183421 PB ieee/NUMERIC_STD 1251183422 \
      PB work/conv_pkg 1321479370
AR work/relational_5f1eb17108/behavior 1321479421 \
      FL /export/home/blink/scratch/models/adc5g_char_b00/sysgen/synth_model/adc5g_char_b00.vhd \
      EN work/relational_5f1eb17108 1321479420
EN work/constant_cda50df78a 1321479422 \
      FL /export/home/blink/scratch/models/adc5g_char_b00/sysgen/synth_model/adc5g_char_b00.vhd \
      PB ieee/std_logic_1164 1251183421 PB ieee/NUMERIC_STD 1251183422 \
      PB work/conv_pkg 1321479370
AR work/constant_cda50df78a/behavior 1321479423 \
      FL /export/home/blink/scratch/models/adc5g_char_b00/sysgen/synth_model/adc5g_char_b00.vhd \
      EN work/constant_cda50df78a 1321479422
EN work/constant_a7e2bb9e12 1321479424 \
      FL /export/home/blink/scratch/models/adc5g_char_b00/sysgen/synth_model/adc5g_char_b00.vhd \
      PB ieee/std_logic_1164 1251183421 PB ieee/NUMERIC_STD 1251183422 \
      PB work/conv_pkg 1321479370
AR work/constant_a7e2bb9e12/behavior 1321479425 \
      FL /export/home/blink/scratch/models/adc5g_char_b00/sysgen/synth_model/adc5g_char_b00.vhd \
      EN work/constant_a7e2bb9e12 1321479424
EN work/constant_e8ddc079e9 1321479426 \
      FL /export/home/blink/scratch/models/adc5g_char_b00/sysgen/synth_model/adc5g_char_b00.vhd \
      PB ieee/std_logic_1164 1251183421 PB ieee/NUMERIC_STD 1251183422 \
      PB work/conv_pkg 1321479370
AR work/constant_e8ddc079e9/behavior 1321479427 \
      FL /export/home/blink/scratch/models/adc5g_char_b00/sysgen/synth_model/adc5g_char_b00.vhd \
      EN work/constant_e8ddc079e9 1321479426
EN work/constant_3a9a3daeb9 1321479428 \
      FL /export/home/blink/scratch/models/adc5g_char_b00/sysgen/synth_model/adc5g_char_b00.vhd \
      PB ieee/std_logic_1164 1251183421 PB ieee/NUMERIC_STD 1251183422 \
      PB work/conv_pkg 1321479370
AR work/constant_3a9a3daeb9/behavior 1321479429 \
      FL /export/home/blink/scratch/models/adc5g_char_b00/sysgen/synth_model/adc5g_char_b00.vhd \
      EN work/constant_3a9a3daeb9 1321479428
EN work/mux_5441ad2d93 1321479430 \
      FL /export/home/blink/scratch/models/adc5g_char_b00/sysgen/synth_model/adc5g_char_b00.vhd \
      PB ieee/std_logic_1164 1251183421 PB ieee/NUMERIC_STD 1251183422 \
      PB work/conv_pkg 1321479370
AR work/mux_5441ad2d93/behavior 1321479431 \
      FL /export/home/blink/scratch/models/adc5g_char_b00/sysgen/synth_model/adc5g_char_b00.vhd \
      EN work/mux_5441ad2d93 1321479430
EN work/counter_caa2b01eef 1321479432 \
      FL /export/home/blink/scratch/models/adc5g_char_b00/sysgen/synth_model/adc5g_char_b00.vhd \
      PB ieee/std_logic_1164 1251183421 PB ieee/NUMERIC_STD 1251183422 \
      PB work/conv_pkg 1321479370
AR work/counter_caa2b01eef/behavior 1321479433 \
      FL /export/home/blink/scratch/models/adc5g_char_b00/sysgen/synth_model/adc5g_char_b00.vhd \
      EN work/counter_caa2b01eef 1321479432
EN work/constant_963ed6358a 1321479434 \
      FL /export/home/blink/scratch/models/adc5g_char_b00/sysgen/synth_model/adc5g_char_b00.vhd \
      PB ieee/std_logic_1164 1251183421 PB ieee/NUMERIC_STD 1251183422 \
      PB work/conv_pkg 1321479370
AR work/constant_963ed6358a/behavior 1321479435 \
      FL /export/home/blink/scratch/models/adc5g_char_b00/sysgen/synth_model/adc5g_char_b00.vhd \
      EN work/constant_963ed6358a 1321479434
EN work/mux_d99e59b6d4 1321479436 \
      FL /export/home/blink/scratch/models/adc5g_char_b00/sysgen/synth_model/adc5g_char_b00.vhd \
      PB ieee/std_logic_1164 1251183421 PB ieee/NUMERIC_STD 1251183422 \
      PB work/conv_pkg 1321479370
AR work/mux_d99e59b6d4/behavior 1321479437 \
      FL /export/home/blink/scratch/models/adc5g_char_b00/sysgen/synth_model/adc5g_char_b00.vhd \
      EN work/mux_d99e59b6d4 1321479436
EN work/logical_dfe2dded7f 1321479438 \
      FL /export/home/blink/scratch/models/adc5g_char_b00/sysgen/synth_model/adc5g_char_b00.vhd \
      PB ieee/std_logic_1164 1251183421 PB ieee/NUMERIC_STD 1251183422 \
      PB work/conv_pkg 1321479370
AR work/logical_dfe2dded7f/behavior 1321479439 \
      FL /export/home/blink/scratch/models/adc5g_char_b00/sysgen/synth_model/adc5g_char_b00.vhd \
      EN work/logical_dfe2dded7f 1321479438
EN work/constant_6293007044 1321479440 \
      FL /export/home/blink/scratch/models/adc5g_char_b00/sysgen/synth_model/adc5g_char_b00.vhd \
      PB ieee/std_logic_1164 1251183421 PB ieee/NUMERIC_STD 1251183422 \
      PB work/conv_pkg 1321479370
AR work/constant_6293007044/behavior 1321479441 \
      FL /export/home/blink/scratch/models/adc5g_char_b00/sysgen/synth_model/adc5g_char_b00.vhd \
      EN work/constant_6293007044 1321479440
EN work/logical_80f90b97d0 1321479442 \
      FL /export/home/blink/scratch/models/adc5g_char_b00/sysgen/synth_model/adc5g_char_b00.vhd \
      PB ieee/std_logic_1164 1251183421 PB ieee/NUMERIC_STD 1251183422 \
      PB work/conv_pkg 1321479370
AR work/logical_80f90b97d0/behavior 1321479443 \
      FL /export/home/blink/scratch/models/adc5g_char_b00/sysgen/synth_model/adc5g_char_b00.vhd \
      EN work/logical_80f90b97d0 1321479442
EN work/addsub_c13097e33e 1321479444 \
      FL /export/home/blink/scratch/models/adc5g_char_b00/sysgen/synth_model/adc5g_char_b00.vhd \
      PB ieee/std_logic_1164 1251183421 PB ieee/NUMERIC_STD 1251183422 \
      PB work/conv_pkg 1321479370
AR work/addsub_c13097e33e/behavior 1321479445 \
      FL /export/home/blink/scratch/models/adc5g_char_b00/sysgen/synth_model/adc5g_char_b00.vhd \
      EN work/addsub_c13097e33e 1321479444 CP work/synth_reg_w_init
EN work/concat_e2aa47955c 1321479446 \
      FL /export/home/blink/scratch/models/adc5g_char_b00/sysgen/synth_model/adc5g_char_b00.vhd \
      PB ieee/std_logic_1164 1251183421 PB ieee/NUMERIC_STD 1251183422 \
      PB work/conv_pkg 1321479370
AR work/concat_e2aa47955c/behavior 1321479447 \
      FL /export/home/blink/scratch/models/adc5g_char_b00/sysgen/synth_model/adc5g_char_b00.vhd \
      EN work/concat_e2aa47955c 1321479446
EN work/mux_c3e1ddb86e 1321479448 \
      FL /export/home/blink/scratch/models/adc5g_char_b00/sysgen/synth_model/adc5g_char_b00.vhd \
      PB ieee/std_logic_1164 1251183421 PB ieee/NUMERIC_STD 1251183422 \
      PB work/conv_pkg 1321479370
AR work/mux_c3e1ddb86e/behavior 1321479449 \
      FL /export/home/blink/scratch/models/adc5g_char_b00/sysgen/synth_model/adc5g_char_b00.vhd \
      EN work/mux_c3e1ddb86e 1321479448
EN work/concat_b11ec1c0d4 1321479450 \
      FL /export/home/blink/scratch/models/adc5g_char_b00/sysgen/synth_model/adc5g_char_b00.vhd \
      PB ieee/std_logic_1164 1251183421 PB ieee/NUMERIC_STD 1251183422 \
      PB work/conv_pkg 1321479370
AR work/concat_b11ec1c0d4/behavior 1321479451 \
      FL /export/home/blink/scratch/models/adc5g_char_b00/sysgen/synth_model/adc5g_char_b00.vhd \
      EN work/concat_b11ec1c0d4 1321479450
EN work/reinterpret_c5d4d59b73 1321479452 \
      FL /export/home/blink/scratch/models/adc5g_char_b00/sysgen/synth_model/adc5g_char_b00.vhd \
      PB ieee/std_logic_1164 1251183421 PB ieee/NUMERIC_STD 1251183422 \
      PB work/conv_pkg 1321479370
AR work/reinterpret_c5d4d59b73/behavior 1321479453 \
      FL /export/home/blink/scratch/models/adc5g_char_b00/sysgen/synth_model/adc5g_char_b00.vhd \
      EN work/reinterpret_c5d4d59b73 1321479452
EN work/reinterpret_28b9ecc6fc 1321479454 \
      FL /export/home/blink/scratch/models/adc5g_char_b00/sysgen/synth_model/adc5g_char_b00.vhd \
      PB ieee/std_logic_1164 1251183421 PB ieee/NUMERIC_STD 1251183422 \
      PB work/conv_pkg 1321479370
AR work/reinterpret_28b9ecc6fc/behavior 1321479455 \
      FL /export/home/blink/scratch/models/adc5g_char_b00/sysgen/synth_model/adc5g_char_b00.vhd \
      EN work/reinterpret_28b9ecc6fc 1321479454
EN work/delay_87cc993d41 1321479456 \
      FL /export/home/blink/scratch/models/adc5g_char_b00/sysgen/synth_model/adc5g_char_b00.vhd \
      PB ieee/std_logic_1164 1251183421 PB ieee/NUMERIC_STD 1251183422 \
      PB work/conv_pkg 1321479370
AR work/delay_87cc993d41/behavior 1321479457 \
      FL /export/home/blink/scratch/models/adc5g_char_b00/sysgen/synth_model/adc5g_char_b00.vhd \
      EN work/delay_87cc993d41 1321479456
EN work/concat_96b2f1cb93 1321479458 \
      FL /export/home/blink/scratch/models/adc5g_char_b00/sysgen/synth_model/adc5g_char_b00.vhd \
      PB ieee/std_logic_1164 1251183421 PB ieee/NUMERIC_STD 1251183422 \
      PB work/conv_pkg 1321479370
AR work/concat_96b2f1cb93/behavior 1321479459 \
      FL /export/home/blink/scratch/models/adc5g_char_b00/sysgen/synth_model/adc5g_char_b00.vhd \
      EN work/concat_96b2f1cb93 1321479458
EN work/edge_detect_entity_20e9d1a092 1321479460 \
      FL /export/home/blink/scratch/models/adc5g_char_b00/sysgen/synth_model/adc5g_char_b00.vhd \
      PB ieee/std_logic_1164 1251183421 PB work/conv_pkg 1321479370
AR work/edge_detect_entity_20e9d1a092/structural 1321479461 \
      FL /export/home/blink/scratch/models/adc5g_char_b00/sysgen/synth_model/adc5g_char_b00.vhd \
      EN work/edge_detect_entity_20e9d1a092 1321479460 CP work/xldelay \
      CP work/logical_f6397bdee1 CP work/inverter_e5b38cca3b
EN work/add_gen_entity_e815cd5710 1321479462 \
      FL /export/home/blink/scratch/models/adc5g_char_b00/sysgen/synth_model/adc5g_char_b00.vhd \
      PB ieee/std_logic_1164 1251183421 PB work/conv_pkg 1321479370
AR work/add_gen_entity_e815cd5710/structural 1321479463 \
      FL /export/home/blink/scratch/models/adc5g_char_b00/sysgen/synth_model/adc5g_char_b00.vhd \
      EN work/add_gen_entity_e815cd5710 1321479462 CP work/xlcounter_free \
      CP work/concat_1a6baff97c CP work/xlconvert CP work/delay_9f02caa990 \
      CP work/xldelay CP work/delay_ee0f706095 \
      CP work/edge_detect_entity_20e9d1a092 CP work/inverter_6844eee868 \
      CP work/inverter_e5b38cca3b CP work/logical_799f62af22 \
      CP work/logical_aacf6e1b0e CP work/logical_954ee29728 CP work/xlregister \
      CP work/shift_8b3da62244 CP work/xlslice
EN work/dram_munge_entity_10fb8332c8 1321479464 \
      FL /export/home/blink/scratch/models/adc5g_char_b00/sysgen/synth_model/adc5g_char_b00.vhd \
      PB ieee/std_logic_1164 1251183421 PB work/conv_pkg 1321479370
AR work/dram_munge_entity_10fb8332c8/structural 1321479465 \
      FL /export/home/blink/scratch/models/adc5g_char_b00/sysgen/synth_model/adc5g_char_b00.vhd \
      EN work/dram_munge_entity_10fb8332c8 1321479464 CP work/constant_cda50df78a \
      CP work/constant_a7e2bb9e12 CP work/constant_e8ddc079e9 \
      CP work/constant_3a9a3daeb9 CP work/concat_fd1ce36c4a \
      CP work/constant_91ef1678ca CP work/mux_5441ad2d93 CP work/xldelay \
      CP work/counter_caa2b01eef CP work/constant_963ed6358a \
      CP work/xlcounter_free CP work/logical_799f62af22 CP work/logical_aacf6e1b0e \
      CP work/mux_ddf27bda35 CP work/xlregister CP work/relational_5f1eb17108 \
      CP work/mux_d99e59b6d4
EN work/edge_detect_entity_e0ab79dfdf 1321479466 \
      FL /export/home/blink/scratch/models/adc5g_char_b00/sysgen/synth_model/adc5g_char_b00.vhd \
      PB ieee/std_logic_1164 1251183421 PB work/conv_pkg 1321479370
AR work/edge_detect_entity_e0ab79dfdf/structural 1321479467 \
      FL /export/home/blink/scratch/models/adc5g_char_b00/sysgen/synth_model/adc5g_char_b00.vhd \
      EN work/edge_detect_entity_e0ab79dfdf 1321479466 CP work/xldelay \
      CP work/logical_dfe2dded7f CP work/inverter_e5b38cca3b
EN work/basic_ctrl_entity_ffd61ab2af 1321479468 \
      FL /export/home/blink/scratch/models/adc5g_char_b00/sysgen/synth_model/adc5g_char_b00.vhd \
      PB ieee/std_logic_1164 1251183421 PB work/conv_pkg 1321479370
AR work/basic_ctrl_entity_ffd61ab2af/structural 1321479469 \
      FL /export/home/blink/scratch/models/adc5g_char_b00/sysgen/synth_model/adc5g_char_b00.vhd \
      EN work/basic_ctrl_entity_ffd61ab2af 1321479468 CP work/constant_6293007044 \
      CP work/xldelay CP work/dram_munge_entity_10fb8332c8 \
      CP work/edge_detect_entity_e0ab79dfdf CP work/xlslice \
      CP work/inverter_e5b38cca3b CP work/logical_80f90b97d0 \
      CP work/mux_d99e59b6d4 CP work/xlregister
EN work/calc_add_entity_852e351bf6 1321479470 \
      FL /export/home/blink/scratch/models/adc5g_char_b00/sysgen/synth_model/adc5g_char_b00.vhd \
      PB ieee/std_logic_1164 1251183421 PB work/conv_pkg 1321479370
AR work/calc_add_entity_852e351bf6/structural 1321479471 \
      FL /export/home/blink/scratch/models/adc5g_char_b00/sysgen/synth_model/adc5g_char_b00.vhd \
      EN work/calc_add_entity_852e351bf6 1321479470 CP work/addsub_c13097e33e \
      CP work/concat_e2aa47955c CP work/constant_963ed6358a CP work/xlconvert \
      CP work/xlslice CP work/mux_c3e1ddb86e
EN work/join_entity_f33272f3dc 1321479472 \
      FL /export/home/blink/scratch/models/adc5g_char_b00/sysgen/synth_model/adc5g_char_b00.vhd \
      PB ieee/std_logic_1164 1251183421 PB work/conv_pkg 1321479370
AR work/join_entity_f33272f3dc/structural 1321479473 \
      FL /export/home/blink/scratch/models/adc5g_char_b00/sysgen/synth_model/adc5g_char_b00.vhd \
      EN work/join_entity_f33272f3dc 1321479472 CP work/concat_b11ec1c0d4 \
      CP work/reinterpret_c5d4d59b73
EN work/split_entity_7d7928af0b 1321479474 \
      FL /export/home/blink/scratch/models/adc5g_char_b00/sysgen/synth_model/adc5g_char_b00.vhd \
      PB ieee/std_logic_1164 1251183421 PB work/conv_pkg 1321479370
AR work/split_entity_7d7928af0b/structural 1321479475 \
      FL /export/home/blink/scratch/models/adc5g_char_b00/sysgen/synth_model/adc5g_char_b00.vhd \
      EN work/split_entity_7d7928af0b 1321479474 CP work/reinterpret_c5d4d59b73 \
      CP work/xlslice
EN work/munge_in_entity_55031b9d05 1321479476 \
      FL /export/home/blink/scratch/models/adc5g_char_b00/sysgen/synth_model/adc5g_char_b00.vhd \
      PB ieee/std_logic_1164 1251183421 PB work/conv_pkg 1321479370
AR work/munge_in_entity_55031b9d05/structural 1321479477 \
      FL /export/home/blink/scratch/models/adc5g_char_b00/sysgen/synth_model/adc5g_char_b00.vhd \
      EN work/munge_in_entity_55031b9d05 1321479476 \
      CP work/join_entity_f33272f3dc CP work/reinterpret_28b9ecc6fc \
      CP work/split_entity_7d7928af0b
EN work/bram_entity_06393653e3 1321479478 \
      FL /export/home/blink/scratch/models/adc5g_char_b00/sysgen/synth_model/adc5g_char_b00.vhd \
      PB ieee/std_logic_1164 1251183421 PB work/conv_pkg 1321479370
AR work/bram_entity_06393653e3/structural 1321479479 \
      FL /export/home/blink/scratch/models/adc5g_char_b00/sysgen/synth_model/adc5g_char_b00.vhd \
      EN work/bram_entity_06393653e3 1321479478 \
      CP work/calc_add_entity_852e351bf6 CP work/xlconvert \
      CP work/munge_in_entity_55031b9d05
EN work/status_entity_01be868a58 1321479480 \
      FL /export/home/blink/scratch/models/adc5g_char_b00/sysgen/synth_model/adc5g_char_b00.vhd \
      PB ieee/std_logic_1164 1251183421 PB work/conv_pkg 1321479370
AR work/status_entity_01be868a58/structural 1321479481 \
      FL /export/home/blink/scratch/models/adc5g_char_b00/sysgen/synth_model/adc5g_char_b00.vhd \
      EN work/status_entity_01be868a58 1321479480 CP work/xlconvert
EN work/snapshot0_entity_33718b74d5 1321479482 \
      FL /export/home/blink/scratch/models/adc5g_char_b00/sysgen/synth_model/adc5g_char_b00.vhd \
      PB ieee/std_logic_1164 1251183421 PB work/conv_pkg 1321479370
AR work/snapshot0_entity_33718b74d5/structural 1321479483 \
      FL /export/home/blink/scratch/models/adc5g_char_b00/sysgen/synth_model/adc5g_char_b00.vhd \
      EN work/snapshot0_entity_33718b74d5 1321479482 CP work/delay_87cc993d41 \
      CP work/add_gen_entity_e815cd5710 CP work/basic_ctrl_entity_ffd61ab2af \
      CP work/bram_entity_06393653e3 CP work/xlconvert CP work/delay_ee0f706095 \
      CP work/constant_963ed6358a CP work/reinterpret_28b9ecc6fc \
      CP work/status_entity_01be868a58 CP work/delay_9f02caa990
EN work/adc5g_char_b00 1321479484 \
      FL /export/home/blink/scratch/models/adc5g_char_b00/sysgen/synth_model/adc5g_char_b00.vhd \
      PB ieee/std_logic_1164 1251183421 PB work/conv_pkg 1321479370
AR work/adc5g_char_b00/structural 1321479485 \
      FL /export/home/blink/scratch/models/adc5g_char_b00/sysgen/synth_model/adc5g_char_b00.vhd \
      EN work/adc5g_char_b00 1321479484 CP work/concat_96b2f1cb93 \
      CP work/constant_6293007044 CP work/snapshot0_entity_33718b74d5
FL /export/home/blink/scratch/models/adc5g_char_b00/sysgen/synth_model/adc5g_char_b00_cw.vhd 2011/11/16.16:36:01 L.33
EN work/xlclockdriver 1321479486 \
      FL /export/home/blink/scratch/models/adc5g_char_b00/sysgen/synth_model/adc5g_char_b00_cw.vhd \
      PB ieee/std_logic_1164 1251183421 PB ieee/NUMERIC_STD 1251183422 \
      PB work/conv_pkg 1321479370
AR work/xlclockdriver/behavior 1321479487 \
      FL /export/home/blink/scratch/models/adc5g_char_b00/sysgen/synth_model/adc5g_char_b00_cw.vhd \
      EN work/xlclockdriver 1321479486 CP synth_reg_w_init CP bufg
EN work/default_clock_driver 1321479488 \
      FL /export/home/blink/scratch/models/adc5g_char_b00/sysgen/synth_model/adc5g_char_b00_cw.vhd \
      PB ieee/std_logic_1164 1251183421 PB work/conv_pkg 1321479370
AR work/default_clock_driver/structural 1321479489 \
      FL /export/home/blink/scratch/models/adc5g_char_b00/sysgen/synth_model/adc5g_char_b00_cw.vhd \
      EN work/default_clock_driver 1321479488 CP work/xlclockdriver
EN work/adc5g_char_b00_cw 1321479490 \
      FL /export/home/blink/scratch/models/adc5g_char_b00/sysgen/synth_model/adc5g_char_b00_cw.vhd \
      PB ieee/std_logic_1164 1251183421 PB work/conv_pkg 1321479370
AR work/adc5g_char_b00_cw/structural 1321479491 \
      FL /export/home/blink/scratch/models/adc5g_char_b00/sysgen/synth_model/adc5g_char_b00_cw.vhd \
      EN work/adc5g_char_b00_cw 1321479490 CP work/adc5g_char_b00 \
      CP work/default_clock_driver CP xlpersistentdff
