Release 11.3 Map L.57 (lin64)
Xilinx Map Application Log File for Design 'system'

Design Information
------------------
Command Line   : map -ise ../__xps/ise/system.ise -timing -detail -ol high -xe n
-register_duplication -o system_map.ncd -w -pr b system.ngd system.pcf 
Target Device  : xc5vsx95t
Target Package : ff1136
Target Speed   : -1
Mapper Version : virtex5 -- $Revision: 1.51.18.1 $
Mapped Date    : Wed Nov 16 16:39:03 2011

WARNING:LIT:243 - Logical network N1 has no load.
WARNING:LIT:243 - Logical network N18 has no load.
WARNING:LIT:243 - Logical network N19 has no load.
WARNING:LIT:243 - Logical network N20 has no load.
WARNING:LIT:243 - Logical network N21 has no load.
WARNING:LIT:243 - Logical network N22 has no load.
WARNING:LIT:243 - Logical network N23 has no load.
WARNING:LIT:243 - Logical network N24 has no load.
WARNING:LIT:243 - Logical network N25 has no load.
WARNING:LIT:243 - Logical network N26 has no load.
WARNING:LIT:243 - Logical network N27 has no load.
WARNING:LIT:243 - Logical network N28 has no load.
WARNING:LIT:243 - Logical network N29 has no load.
WARNING:LIT:243 - Logical network N30 has no load.
WARNING:LIT:243 - Logical network N31 has no load.
WARNING:LIT:243 - Logical network N32 has no load.
WARNING:LIT:243 - Logical network N33 has no load.
WARNING:LIT:243 - Logical network adc0_dcm_reset has no load.
WARNING:LIT:243 - Logical network adc0_psen has no load.
WARNING:LIT:243 - Logical network adc5g_char_b00_asiaa_adc5g_sync has no load.
WARNING:LIT:243 - Logical network adc5g_char_b00_snapshot0_bram_data_out<0> has
   no load.
WARNING:LIT:243 - Logical network adc5g_char_b00_snapshot0_bram_data_out<100>
   has no load.
WARNING:LIT:243 - Logical network adc5g_char_b00_snapshot0_bram_data_out<101>
   has no load.
WARNING:LIT:243 - Logical network adc5g_char_b00_snapshot0_bram_data_out<102>
   has no load.
WARNING:LIT:243 - Logical network adc5g_char_b00_snapshot0_bram_data_out<103>
   has no load.
WARNING:LIT:243 - Logical network adc5g_char_b00_snapshot0_bram_data_out<104>
   has no load.
WARNING:LIT:243 - Logical network adc5g_char_b00_snapshot0_bram_data_out<105>
   has no load.
WARNING:LIT:243 - Logical network adc5g_char_b00_snapshot0_bram_data_out<106>
   has no load.
WARNING:LIT:243 - Logical network adc5g_char_b00_snapshot0_bram_data_out<107>
   has no load.
WARNING:LIT:243 - Logical network adc5g_char_b00_snapshot0_bram_data_out<108>
   has no load.
WARNING:LIT:243 - Logical network adc5g_char_b00_snapshot0_bram_data_out<109>
   has no load.
WARNING:LIT:243 - Logical network adc5g_char_b00_snapshot0_bram_data_out<10> has
   no load.
WARNING:LIT:243 - Logical network adc5g_char_b00_snapshot0_bram_data_out<110>
   has no load.
WARNING:LIT:243 - Logical network adc5g_char_b00_snapshot0_bram_data_out<111>
   has no load.
WARNING:LIT:243 - Logical network adc5g_char_b00_snapshot0_bram_data_out<112>
   has no load.
WARNING:LIT:243 - Logical network adc5g_char_b00_snapshot0_bram_data_out<113>
   has no load.
WARNING:LIT:243 - Logical network adc5g_char_b00_snapshot0_bram_data_out<114>
   has no load.
WARNING:LIT:243 - Logical network adc5g_char_b00_snapshot0_bram_data_out<115>
   has no load.
WARNING:LIT:243 - Logical network adc5g_char_b00_snapshot0_bram_data_out<116>
   has no load.
WARNING:LIT:243 - Logical network adc5g_char_b00_snapshot0_bram_data_out<117>
   has no load.
WARNING:LIT:243 - Logical network adc5g_char_b00_snapshot0_bram_data_out<118>
   has no load.
WARNING:LIT:243 - Logical network adc5g_char_b00_snapshot0_bram_data_out<119>
   has no load.
WARNING:LIT:243 - Logical network adc5g_char_b00_snapshot0_bram_data_out<11> has
   no load.
WARNING:LIT:243 - Logical network adc5g_char_b00_snapshot0_bram_data_out<120>
   has no load.
WARNING:LIT:243 - Logical network adc5g_char_b00_snapshot0_bram_data_out<121>
   has no load.
WARNING:LIT:243 - Logical network adc5g_char_b00_snapshot0_bram_data_out<122>
   has no load.
WARNING:LIT:243 - Logical network adc5g_char_b00_snapshot0_bram_data_out<123>
   has no load.
WARNING:LIT:243 - Logical network adc5g_char_b00_snapshot0_bram_data_out<124>
   has no load.
WARNING:LIT:243 - Logical network adc5g_char_b00_snapshot0_bram_data_out<125>
   has no load.
WARNING:LIT:243 - Logical network adc5g_char_b00_snapshot0_bram_data_out<126>
   has no load.
WARNING:LIT:243 - Logical network adc5g_char_b00_snapshot0_bram_data_out<127>
   has no load.
WARNING:LIT:243 - Logical network adc5g_char_b00_snapshot0_bram_data_out<12> has
   no load.
WARNING:LIT:243 - Logical network adc5g_char_b00_snapshot0_bram_data_out<13> has
   no load.
WARNING:LIT:243 - Logical network adc5g_char_b00_snapshot0_bram_data_out<14> has
   no load.
WARNING:LIT:243 - Logical network adc5g_char_b00_snapshot0_bram_data_out<15> has
   no load.
WARNING:LIT:243 - Logical network adc5g_char_b00_snapshot0_bram_data_out<16> has
   no load.
WARNING:LIT:243 - Logical network adc5g_char_b00_snapshot0_bram_data_out<17> has
   no load.
WARNING:LIT:243 - Logical network adc5g_char_b00_snapshot0_bram_data_out<18> has
   no load.
WARNING:LIT:243 - Logical network adc5g_char_b00_snapshot0_bram_data_out<19> has
   no load.
WARNING:LIT:243 - Logical network adc5g_char_b00_snapshot0_bram_data_out<1> has
   no load.
WARNING:LIT:243 - Logical network adc5g_char_b00_snapshot0_bram_data_out<20> has
   no load.
WARNING:LIT:243 - Logical network adc5g_char_b00_snapshot0_bram_data_out<21> has
   no load.
WARNING:LIT:243 - Logical network adc5g_char_b00_snapshot0_bram_data_out<22> has
   no load.
WARNING:LIT:243 - Logical network adc5g_char_b00_snapshot0_bram_data_out<23> has
   no load.
WARNING:LIT:243 - Logical network adc5g_char_b00_snapshot0_bram_data_out<24> has
   no load.
WARNING:LIT:243 - Logical network adc5g_char_b00_snapshot0_bram_data_out<25> has
   no load.
WARNING:LIT:243 - Logical network adc5g_char_b00_snapshot0_bram_data_out<26> has
   no load.
WARNING:LIT:243 - Logical network adc5g_char_b00_snapshot0_bram_data_out<27> has
   no load.
WARNING:LIT:243 - Logical network adc5g_char_b00_snapshot0_bram_data_out<28> has
   no load.
WARNING:LIT:243 - Logical network adc5g_char_b00_snapshot0_bram_data_out<29> has
   no load.
WARNING:LIT:243 - Logical network adc5g_char_b00_snapshot0_bram_data_out<2> has
   no load.
WARNING:LIT:243 - Logical network adc5g_char_b00_snapshot0_bram_data_out<30> has
   no load.
WARNING:LIT:243 - Logical network adc5g_char_b00_snapshot0_bram_data_out<31> has
   no load.
WARNING:LIT:243 - Logical network adc5g_char_b00_snapshot0_bram_data_out<32> has
   no load.
WARNING:LIT:243 - Logical network adc5g_char_b00_snapshot0_bram_data_out<33> has
   no load.
WARNING:LIT:243 - Logical network adc5g_char_b00_snapshot0_bram_data_out<34> has
   no load.
WARNING:LIT:243 - Logical network adc5g_char_b00_snapshot0_bram_data_out<35> has
   no load.
WARNING:LIT:243 - Logical network adc5g_char_b00_snapshot0_bram_data_out<36> has
   no load.
WARNING:LIT:243 - Logical network adc5g_char_b00_snapshot0_bram_data_out<37> has
   no load.
WARNING:LIT:243 - Logical network adc5g_char_b00_snapshot0_bram_data_out<38> has
   no load.
WARNING:LIT:243 - Logical network adc5g_char_b00_snapshot0_bram_data_out<39> has
   no load.
WARNING:LIT:243 - Logical network adc5g_char_b00_snapshot0_bram_data_out<3> has
   no load.
WARNING:LIT:243 - Logical network adc5g_char_b00_snapshot0_bram_data_out<40> has
   no load.
WARNING:LIT:243 - Logical network adc5g_char_b00_snapshot0_bram_data_out<41> has
   no load.
WARNING:LIT:243 - Logical network adc5g_char_b00_snapshot0_bram_data_out<42> has
   no load.
WARNING:LIT:243 - Logical network adc5g_char_b00_snapshot0_bram_data_out<43> has
   no load.
WARNING:LIT:243 - Logical network adc5g_char_b00_snapshot0_bram_data_out<44> has
   no load.
WARNING:LIT:243 - Logical network adc5g_char_b00_snapshot0_bram_data_out<45> has
   no load.
WARNING:LIT:243 - Logical network adc5g_char_b00_snapshot0_bram_data_out<46> has
   no load.
WARNING:LIT:243 - Logical network adc5g_char_b00_snapshot0_bram_data_out<47> has
   no load.
WARNING:LIT:243 - Logical network adc5g_char_b00_snapshot0_bram_data_out<48> has
   no load.
WARNING:LIT:243 - Logical network adc5g_char_b00_snapshot0_bram_data_out<49> has
   no load.
WARNING:LIT:243 - Logical network adc5g_char_b00_snapshot0_bram_data_out<4> has
   no load.
WARNING:LIT:243 - Logical network adc5g_char_b00_snapshot0_bram_data_out<50> has
   no load.
WARNING:LIT:243 - Logical network adc5g_char_b00_snapshot0_bram_data_out<51> has
   no load.
WARNING:LIT:243 - Logical network adc5g_char_b00_snapshot0_bram_data_out<52> has
   no load.
WARNING:LIT:243 - Logical network adc5g_char_b00_snapshot0_bram_data_out<53> has
   no load.
WARNING:LIT:243 - Logical network adc5g_char_b00_snapshot0_bram_data_out<54> has
   no load.
WARNING:LIT:243 - Logical network adc5g_char_b00_snapshot0_bram_data_out<55> has
   no load.
WARNING:LIT:243 - Logical network adc5g_char_b00_snapshot0_bram_data_out<56> has
   no load.
WARNING:LIT:243 - Logical network adc5g_char_b00_snapshot0_bram_data_out<57> has
   no load.
WARNING:LIT:243 - Logical network adc5g_char_b00_snapshot0_bram_data_out<58> has
   no load.
WARNING:LIT:243 - Logical network adc5g_char_b00_snapshot0_bram_data_out<59> has
   no load.
WARNING:LIT:243 - Logical network adc5g_char_b00_snapshot0_bram_data_out<5> has
   no load.
WARNING:LIT:243 - Logical network adc5g_char_b00_snapshot0_bram_data_out<60> has
   no load.
WARNING:LIT:243 - Logical network adc5g_char_b00_snapshot0_bram_data_out<61> has
   no load.
WARNING:LIT:243 - Logical network adc5g_char_b00_snapshot0_bram_data_out<62> has
   no load.
WARNING:LIT:243 - Logical network adc5g_char_b00_snapshot0_bram_data_out<63> has
   no load.
WARNING:LIT:243 - Logical network adc5g_char_b00_snapshot0_bram_data_out<64> has
   no load.
WARNING:LIT:243 - Logical network adc5g_char_b00_snapshot0_bram_data_out<65> has
   no load.
WARNING:LIT:243 - Logical network adc5g_char_b00_snapshot0_bram_data_out<66> has
   no load.
WARNING:LIT:243 - Logical network adc5g_char_b00_snapshot0_bram_data_out<67> has
   no load.
WARNING:LIT:243 - Logical network adc5g_char_b00_snapshot0_bram_data_out<68> has
   no load.
WARNING:LIT:243 - Logical network adc5g_char_b00_snapshot0_bram_data_out<69> has
   no load.
WARNING:LIT:243 - Logical network adc5g_char_b00_snapshot0_bram_data_out<6> has
   no load.
WARNING:LIT:243 - Logical network adc5g_char_b00_snapshot0_bram_data_out<70> has
   no load.
WARNING:LIT:243 - Logical network adc5g_char_b00_snapshot0_bram_data_out<71> has
   no load.
WARNING:LIT:243 - Logical network adc5g_char_b00_snapshot0_bram_data_out<72> has
   no load.
WARNING:LIT:243 - Logical network adc5g_char_b00_snapshot0_bram_data_out<73> has
   no load.
WARNING:LIT:243 - Logical network adc5g_char_b00_snapshot0_bram_data_out<74> has
   no load.
WARNING:LIT:243 - Logical network adc5g_char_b00_snapshot0_bram_data_out<75> has
   no load.
WARNING:LIT:243 - Logical network adc5g_char_b00_snapshot0_bram_data_out<76> has
   no load.
WARNING:LIT:243 - Logical network adc5g_char_b00_snapshot0_bram_data_out<77> has
   no load.
WARNING:LIT:243 - Logical network adc5g_char_b00_snapshot0_bram_data_out<78> has
   no load.
WARNING:LIT:243 - Logical network adc5g_char_b00_snapshot0_bram_data_out<79> has
   no load.
WARNING:LIT:243 - Logical network adc5g_char_b00_snapshot0_bram_data_out<7> has
   no load.
WARNING:LIT:243 - Logical network adc5g_char_b00_snapshot0_bram_data_out<80> has
   no load.
WARNING:LIT:243 - Logical network adc5g_char_b00_snapshot0_bram_data_out<81> has
   no load.
WARNING:LIT:243 - Logical network adc5g_char_b00_snapshot0_bram_data_out<82> has
   no load.
WARNING:LIT:243 - Logical network adc5g_char_b00_snapshot0_bram_data_out<83> has
   no load.
WARNING:LIT:243 - Logical network adc5g_char_b00_snapshot0_bram_data_out<84> has
   no load.
WARNING:LIT:243 - Logical network adc5g_char_b00_snapshot0_bram_data_out<85> has
   no load.
WARNING:LIT:243 - Logical network adc5g_char_b00_snapshot0_bram_data_out<86> has
   no load.
WARNING:LIT:243 - Logical network adc5g_char_b00_snapshot0_bram_data_out<87> has
   no load.
WARNING:LIT:243 - Logical network adc5g_char_b00_snapshot0_bram_data_out<88> has
   no load.
WARNING:LIT:243 - Logical network adc5g_char_b00_snapshot0_bram_data_out<89> has
   no load.
WARNING:LIT:243 - Logical network adc5g_char_b00_snapshot0_bram_data_out<8> has
   no load.
WARNING:LIT:243 - Logical network adc5g_char_b00_snapshot0_bram_data_out<90> has
   no load.
WARNING:LIT:243 - Logical network adc5g_char_b00_snapshot0_bram_data_out<91> has
   no load.
WARNING:LIT:243 - Logical network adc5g_char_b00_snapshot0_bram_data_out<92> has
   no load.
WARNING:LIT:243 - Logical network adc5g_char_b00_snapshot0_bram_data_out<93> has
   no load.
WARNING:LIT:243 - Logical network adc5g_char_b00_snapshot0_bram_data_out<94> has
   no load.
WARNING:LIT:243 - Logical network adc5g_char_b00_snapshot0_bram_data_out<95> has
   no load.
WARNING:LIT:243 - Logical network adc5g_char_b00_snapshot0_bram_data_out<96> has
   no load.
WARNING:LIT:243 - Logical network adc5g_char_b00_snapshot0_bram_data_out<97> has
   no load.
WARNING:LIT:243 - Logical network adc5g_char_b00_snapshot0_bram_data_out<98> has
   no load.
WARNING:LIT:243 - Logical network adc5g_char_b00_snapshot0_bram_data_out<99> has
   no load.
WARNING:LIT:243 - Logical network adc5g_char_b00_snapshot0_bram_data_out<9> has
   no load.
WARNING:LIT:243 - Logical network
   adc5g_char_b00_snapshot0_bram_ramblk_portb_BRAM_EN has no load.
WARNING:LIT:243 - Logical network
   adc5g_char_b00_snapshot0_ctrl_user_data_out<10> has no load.
WARNING:LIT:243 - Logical network
   adc5g_char_b00_snapshot0_ctrl_user_data_out<11> has no load.
WARNING:LIT:243 - Logical network
   adc5g_char_b00_snapshot0_ctrl_user_data_out<12> has no load.
WARNING:LIT:243 - Logical network
   adc5g_char_b00_snapshot0_ctrl_user_data_out<13> has no load.
WARNING:LIT:243 - Logical network
   adc5g_char_b00_snapshot0_ctrl_user_data_out<14> has no load.
WARNING:LIT:243 - Logical network
   adc5g_char_b00_snapshot0_ctrl_user_data_out<15> has no load.
WARNING:LIT:243 - Logical network
   adc5g_char_b00_snapshot0_ctrl_user_data_out<16> has no load.
WARNING:LIT:243 - Logical network
   adc5g_char_b00_snapshot0_ctrl_user_data_out<17> has no load.
WARNING:LIT:243 - Logical network
   adc5g_char_b00_snapshot0_ctrl_user_data_out<18> has no load.
WARNING:LIT:243 - Logical network
   adc5g_char_b00_snapshot0_ctrl_user_data_out<19> has no load.
WARNING:LIT:243 - Logical network
   adc5g_char_b00_snapshot0_ctrl_user_data_out<20> has no load.
WARNING:LIT:243 - Logical network
   adc5g_char_b00_snapshot0_ctrl_user_data_out<21> has no load.
WARNING:LIT:243 - Logical network
   adc5g_char_b00_snapshot0_ctrl_user_data_out<22> has no load.
WARNING:LIT:243 - Logical network
   adc5g_char_b00_snapshot0_ctrl_user_data_out<23> has no load.
WARNING:LIT:243 - Logical network
   adc5g_char_b00_snapshot0_ctrl_user_data_out<24> has no load.
WARNING:LIT:243 - Logical network
   adc5g_char_b00_snapshot0_ctrl_user_data_out<25> has no load.
WARNING:LIT:243 - Logical network
   adc5g_char_b00_snapshot0_ctrl_user_data_out<26> has no load.
WARNING:LIT:243 - Logical network
   adc5g_char_b00_snapshot0_ctrl_user_data_out<27> has no load.
WARNING:LIT:243 - Logical network
   adc5g_char_b00_snapshot0_ctrl_user_data_out<28> has no load.
WARNING:LIT:243 - Logical network
   adc5g_char_b00_snapshot0_ctrl_user_data_out<29> has no load.
WARNING:LIT:243 - Logical network
   adc5g_char_b00_snapshot0_ctrl_user_data_out<30> has no load.
WARNING:LIT:243 - Logical network
   adc5g_char_b00_snapshot0_ctrl_user_data_out<31> has no load.
WARNING:LIT:243 - Logical network adc5g_char_b00_snapshot0_ctrl_user_data_out<3>
   has no load.
WARNING:LIT:243 - Logical network adc5g_char_b00_snapshot0_ctrl_user_data_out<4>
   has no load.
WARNING:LIT:243 - Logical network adc5g_char_b00_snapshot0_ctrl_user_data_out<5>
   has no load.
WARNING:LIT:243 - Logical network adc5g_char_b00_snapshot0_ctrl_user_data_out<6>
   has no load.
WARNING:LIT:243 - Logical network adc5g_char_b00_snapshot0_ctrl_user_data_out<7>
   has no load.
WARNING:LIT:243 - Logical network adc5g_char_b00_snapshot0_ctrl_user_data_out<8>
   has no load.
WARNING:LIT:243 - Logical network adc5g_char_b00_snapshot0_ctrl_user_data_out<9>
   has no load.
WARNING:LIT:243 - Logical network opb0_M_busLock has no load.
WARNING:LIT:243 - Logical network infrastructure_inst/aux1_clk270 has no load.
WARNING:LIT:243 - Logical network infrastructure_inst/aux0_clk180 has no load.
WARNING:LIT:243 - Logical network infrastructure_inst/sys_clk180 has no load.
WARNING:LIT:243 - Logical network infrastructure_inst/sys_clk2x180 has no load.
WARNING:LIT:243 - Logical network infrastructure_inst/aux0_clk270 has no load.
WARNING:LIT:243 - Logical network infrastructure_inst/sys_clk270 has no load.
WARNING:LIT:243 - Logical network infrastructure_inst/aux0_clk2x180 has no load.
WARNING:LIT:243 - Logical network infrastructure_inst/sys_clk2x270 has no load.
WARNING:LIT:243 - Logical network infrastructure_inst/aux0_clk2x270 has no load.
WARNING:LIT:243 - Logical network infrastructure_inst/idelay_rdy has no load.
WARNING:LIT:243 - Logical network infrastructure_inst/aux1_clk180 has no load.
WARNING:LIT:243 - Logical network opb0/OPB_hwAck has no load.
WARNING:LIT:243 - Logical network opb0/OPB_dwAck has no load.
WARNING:LIT:243 - Logical network opb0/OPB_fwAck has no load.
WARNING:LIT:243 - Logical network opb0/OPB_beAck has no load.
WARNING:LIT:243 - Logical network opb0/OPB_rdDBus<0> has no load.
WARNING:LIT:243 - Logical network opb0/OPB_rdDBus<1> has no load.
WARNING:LIT:243 - Logical network opb0/OPB_rdDBus<2> has no load.
WARNING:LIT:243 - Logical network opb0/OPB_rdDBus<3> has no load.
WARNING:LIT:243 - Logical network opb0/OPB_rdDBus<4> has no load.
WARNING:LIT:243 - Logical network opb0/OPB_rdDBus<5> has no load.
WARNING:LIT:243 - Logical network opb0/OPB_rdDBus<6> has no load.
WARNING:LIT:243 - Logical network opb0/OPB_rdDBus<7> has no load.
WARNING:LIT:243 - Logical network opb0/OPB_rdDBus<8> has no load.
WARNING:LIT:243 - Logical network opb0/OPB_rdDBus<9> has no load.
WARNING:LIT:243 - Logical network opb0/OPB_rdDBus<10> has no load.
WARNING:LIT:243 - Logical network opb0/OPB_rdDBus<11> has no load.
WARNING:LIT:243 - Logical network opb0/OPB_rdDBus<12> has no load.
WARNING:LIT:243 - Logical network opb0/OPB_rdDBus<13> has no load.
WARNING:LIT:243 - Logical network opb0/OPB_rdDBus<14> has no load.
WARNING:LIT:243 - Logical network opb0/OPB_rdDBus<15> has no load.
WARNING:LIT:243 - Logical network opb0/OPB_rdDBus<16> has no load.
WARNING:LIT:243 - Logical network opb0/OPB_rdDBus<17> has no load.
WARNING:LIT:243 - Logical network opb0/OPB_rdDBus<18> has no load.
WARNING:LIT:243 - Logical network opb0/OPB_rdDBus<19> has no load.
WARNING:LIT:243 - Logical network opb0/OPB_rdDBus<20> has no load.
WARNING:LIT:243 - Logical network opb0/OPB_rdDBus<21> has no load.
WARNING:LIT:243 - Logical network opb0/OPB_rdDBus<22> has no load.
WARNING:LIT:243 - Logical network opb0/OPB_rdDBus<23> has no load.
WARNING:LIT:243 - Logical network opb0/OPB_rdDBus<24> has no load.
WARNING:LIT:243 - Logical network opb0/OPB_rdDBus<25> has no load.
WARNING:LIT:243 - Logical network opb0/OPB_rdDBus<26> has no load.
WARNING:LIT:243 - Logical network opb0/OPB_rdDBus<27> has no load.
WARNING:LIT:243 - Logical network opb0/OPB_rdDBus<28> has no load.
WARNING:LIT:243 - Logical network opb0/OPB_rdDBus<29> has no load.
WARNING:LIT:243 - Logical network opb0/OPB_rdDBus<30> has no load.
WARNING:LIT:243 - Logical network opb0/OPB_rdDBus<31> has no load.
WARNING:LIT:243 - Logical network
   epb_opb_bridge_inst/epb_opb_bridge_inst/epb_addr_gp_reg<5> has no load.
WARNING:LIT:243 - Logical network
   epb_opb_bridge_inst/epb_opb_bridge_inst/epb_addr_gp_reg<4> has no load.
WARNING:LIT:243 - Logical network
   epb_opb_bridge_inst/epb_opb_bridge_inst/epb_addr_gp_reg<3> has no load.
WARNING:LIT:243 - Logical network
   epb_infrastructure_inst/epb_infrastructure_inst/iob_epb_rdy/O has no load.
WARNING:LIT:243 - Logical network opb_adc5g_controller_0/adc1_modepin has no
   load.
WARNING:LIT:243 - Logical network
   opb_adc5g_controller_0/opb_adc5g_controller_0/USER_LOGIC_I/adc1_psen has no
   load.
WARNING:LIT:243 - Logical network opb_adc5g_controller_0/adc1_adc3wire_spi_rst
   has no load.
WARNING:LIT:243 - Logical network opb_adc5g_controller_0/adc1_dcm_reset has no
   load.
WARNING:LIT:243 - Logical network opb_adc5g_controller_0/adc1_adc3wire_clk has
   no load.
WARNING:LIT:243 - Logical network adc5g_char_b00_asiaa_adc5g/ctrl_clk90_out has
   no load.
WARNING:LIT:243 - Logical network adc5g_char_b00_asiaa_adc5g/ctrl_clk270_out has
   no load.
WARNING:LIT:243 - Logical network adc5g_char_b00_asiaa_adc5g/ctrl_dcm_locked has
   no load.
WARNING:LIT:243 - Logical network adc5g_char_b00_asiaa_adc5g/ctrl_clk180_out has
   no load.
Mapping design into LUTs...
WARNING:MapLib:701 - Signal epb_addr_gp<5> connected to top level port
   epb_addr_gp<5> has been removed.
WARNING:MapLib:701 - Signal epb_addr_gp<4> connected to top level port
   epb_addr_gp<4> has been removed.
WARNING:MapLib:701 - Signal epb_addr_gp<3> connected to top level port
   epb_addr_gp<3> has been removed.
WARNING:MapLib:701 - Signal aux1_clk_p connected to top level port aux1_clk_p
   has been removed.
WARNING:MapLib:701 - Signal aux1_clk_n connected to top level port aux1_clk_n
   has been removed.
WARNING:MapLib:701 - Signal aux0_clk_p connected to top level port aux0_clk_p
   has been removed.
WARNING:MapLib:701 - Signal aux0_clk_n connected to top level port aux0_clk_n
   has been removed.
WARNING:MapLib:701 - Signal sys_clk_p connected to top level port sys_clk_p has
   been removed.
WARNING:MapLib:701 - Signal sys_clk_n connected to top level port sys_clk_n has
   been removed.
WARNING:MapLib:701 - Signal adc0sync_p connected to top level port adc0sync_p
   has been removed.
WARNING:MapLib:701 - Signal adc0sync_n connected to top level port adc0sync_n
   has been removed.
WARNING:MapLib:41 - All members of TNM group
   "infrastructure_inst_infrastructure_inst_sys_clk2x_int" have been optimized
   out of the design.
WARNING:MapLib:41 - All members of TNM group "sys_clk_n" have been optimized out
   of the design.
WARNING:MapLib:50 - The period specification "TS_sys_clk_n" has been discarded
   because the group "sys_clk_n" has been optimized away.
WARNING:MapLib:50 - The period specification
   "TS_infrastructure_inst_infrastructure_inst_sys_clk2x_int" has been discarded
   because the group "infrastructure_inst_infrastructure_inst_sys_clk2x_int" has
   been optimized away.
Writing file system_map.ngm...
WARNING:Pack:2874 - Trimming timing constraints from pin
   adc5g_char_b00_snapshot0_bram_ramblk/adc5g_char_b00_snapshot0_bram_ramblk/bra
   m_inst/BU2/U0/blk_mem_generator/valid.cstr/ramloop[0].ram.r/v5_noinit.ram/TRU
   E_DP.SINGLE_PRIM36.TDP
   of frag REGCLKBU connected to power/ground net
   adc5g_char_b00_snapshot0_bram_ramblk/adc5g_char_b00_snapshot0_bram_ramblk/bra
   m_inst/BU2/U0/blk_mem_generator/valid.cstr/ramloop[0].ram.r/v5_noinit.ram/TRU
   E_DP.SINGLE_PRIM36.TDP_REGCLKBU_tiesig
WARNING:Pack:2874 - Trimming timing constraints from pin
   adc5g_char_b00_snapshot0_bram_ramblk/adc5g_char_b00_snapshot0_bram_ramblk/bra
   m_inst/BU2/U0/blk_mem_generator/valid.cstr/ramloop[0].ram.r/v5_noinit.ram/TRU
   E_DP.SINGLE_PRIM36.TDP
   of frag REGCLKBL connected to power/ground net
   adc5g_char_b00_snapshot0_bram_ramblk/adc5g_char_b00_snapshot0_bram_ramblk/bra
   m_inst/BU2/U0/blk_mem_generator/valid.cstr/ramloop[0].ram.r/v5_noinit.ram/TRU
   E_DP.SINGLE_PRIM36.TDP_REGCLKBL_tiesig
WARNING:Pack:2874 - Trimming timing constraints from pin
   adc5g_char_b00_snapshot0_bram_ramblk/adc5g_char_b00_snapshot0_bram_ramblk/bra
   m_inst/BU2/U0/blk_mem_generator/valid.cstr/ramloop[10].ram.r/v5_noinit.ram/TR
   UE_DP.SINGLE_PRIM36.TDP
   of frag REGCLKBU connected to power/ground net
   adc5g_char_b00_snapshot0_bram_ramblk/adc5g_char_b00_snapshot0_bram_ramblk/bra
   m_inst/BU2/U0/blk_mem_generator/valid.cstr/ramloop[10].ram.r/v5_noinit.ram/TR
   UE_DP.SINGLE_PRIM36.TDP_REGCLKBU_tiesig
WARNING:Pack:2874 - Trimming timing constraints from pin
   adc5g_char_b00_snapshot0_bram_ramblk/adc5g_char_b00_snapshot0_bram_ramblk/bra
   m_inst/BU2/U0/blk_mem_generator/valid.cstr/ramloop[10].ram.r/v5_noinit.ram/TR
   UE_DP.SINGLE_PRIM36.TDP
   of frag REGCLKBL connected to power/ground net
   adc5g_char_b00_snapshot0_bram_ramblk/adc5g_char_b00_snapshot0_bram_ramblk/bra
   m_inst/BU2/U0/blk_mem_generator/valid.cstr/ramloop[10].ram.r/v5_noinit.ram/TR
   UE_DP.SINGLE_PRIM36.TDP_REGCLKBL_tiesig
WARNING:Pack:2874 - Trimming timing constraints from pin
   adc5g_char_b00_snapshot0_bram_ramblk/adc5g_char_b00_snapshot0_bram_ramblk/bra
   m_inst/BU2/U0/blk_mem_generator/valid.cstr/ramloop[11].ram.r/v5_noinit.ram/TR
   UE_DP.SINGLE_PRIM36.TDP
   of frag REGCLKBU connected to power/ground net
   adc5g_char_b00_snapshot0_bram_ramblk/adc5g_char_b00_snapshot0_bram_ramblk/bra
   m_inst/BU2/U0/blk_mem_generator/valid.cstr/ramloop[11].ram.r/v5_noinit.ram/TR
   UE_DP.SINGLE_PRIM36.TDP_REGCLKBU_tiesig
WARNING:Pack:2874 - Trimming timing constraints from pin
   adc5g_char_b00_snapshot0_bram_ramblk/adc5g_char_b00_snapshot0_bram_ramblk/bra
   m_inst/BU2/U0/blk_mem_generator/valid.cstr/ramloop[11].ram.r/v5_noinit.ram/TR
   UE_DP.SINGLE_PRIM36.TDP
   of frag REGCLKBL connected to power/ground net
   adc5g_char_b00_snapshot0_bram_ramblk/adc5g_char_b00_snapshot0_bram_ramblk/bra
   m_inst/BU2/U0/blk_mem_generator/valid.cstr/ramloop[11].ram.r/v5_noinit.ram/TR
   UE_DP.SINGLE_PRIM36.TDP_REGCLKBL_tiesig
WARNING:Pack:2874 - Trimming timing constraints from pin
   adc5g_char_b00_snapshot0_bram_ramblk/adc5g_char_b00_snapshot0_bram_ramblk/bra
   m_inst/BU2/U0/blk_mem_generator/valid.cstr/ramloop[12].ram.r/v5_noinit.ram/TR
   UE_DP.SINGLE_PRIM36.TDP
   of frag REGCLKBU connected to power/ground net
   adc5g_char_b00_snapshot0_bram_ramblk/adc5g_char_b00_snapshot0_bram_ramblk/bra
   m_inst/BU2/U0/blk_mem_generator/valid.cstr/ramloop[12].ram.r/v5_noinit.ram/TR
   UE_DP.SINGLE_PRIM36.TDP_REGCLKBU_tiesig
WARNING:Pack:2874 - Trimming timing constraints from pin
   adc5g_char_b00_snapshot0_bram_ramblk/adc5g_char_b00_snapshot0_bram_ramblk/bra
   m_inst/BU2/U0/blk_mem_generator/valid.cstr/ramloop[12].ram.r/v5_noinit.ram/TR
   UE_DP.SINGLE_PRIM36.TDP
   of frag REGCLKBL connected to power/ground net
   adc5g_char_b00_snapshot0_bram_ramblk/adc5g_char_b00_snapshot0_bram_ramblk/bra
   m_inst/BU2/U0/blk_mem_generator/valid.cstr/ramloop[12].ram.r/v5_noinit.ram/TR
   UE_DP.SINGLE_PRIM36.TDP_REGCLKBL_tiesig
WARNING:Pack:2874 - Trimming timing constraints from pin
   adc5g_char_b00_snapshot0_bram_ramblk/adc5g_char_b00_snapshot0_bram_ramblk/bra
   m_inst/BU2/U0/blk_mem_generator/valid.cstr/ramloop[13].ram.r/v5_noinit.ram/TR
   UE_DP.SINGLE_PRIM36.TDP
   of frag REGCLKBU connected to power/ground net
   adc5g_char_b00_snapshot0_bram_ramblk/adc5g_char_b00_snapshot0_bram_ramblk/bra
   m_inst/BU2/U0/blk_mem_generator/valid.cstr/ramloop[13].ram.r/v5_noinit.ram/TR
   UE_DP.SINGLE_PRIM36.TDP_REGCLKBU_tiesig
WARNING:Pack:2874 - Trimming timing constraints from pin
   adc5g_char_b00_snapshot0_bram_ramblk/adc5g_char_b00_snapshot0_bram_ramblk/bra
   m_inst/BU2/U0/blk_mem_generator/valid.cstr/ramloop[13].ram.r/v5_noinit.ram/TR
   UE_DP.SINGLE_PRIM36.TDP
   of frag REGCLKBL connected to power/ground net
   adc5g_char_b00_snapshot0_bram_ramblk/adc5g_char_b00_snapshot0_bram_ramblk/bra
   m_inst/BU2/U0/blk_mem_generator/valid.cstr/ramloop[13].ram.r/v5_noinit.ram/TR
   UE_DP.SINGLE_PRIM36.TDP_REGCLKBL_tiesig
WARNING:Pack:2874 - Trimming timing constraints from pin
   adc5g_char_b00_snapshot0_bram_ramblk/adc5g_char_b00_snapshot0_bram_ramblk/bra
   m_inst/BU2/U0/blk_mem_generator/valid.cstr/ramloop[14].ram.r/v5_noinit.ram/TR
   UE_DP.SINGLE_PRIM36.TDP
   of frag REGCLKBU connected to power/ground net
   adc5g_char_b00_snapshot0_bram_ramblk/adc5g_char_b00_snapshot0_bram_ramblk/bra
   m_inst/BU2/U0/blk_mem_generator/valid.cstr/ramloop[14].ram.r/v5_noinit.ram/TR
   UE_DP.SINGLE_PRIM36.TDP_REGCLKBU_tiesig
WARNING:Pack:2874 - Trimming timing constraints from pin
   adc5g_char_b00_snapshot0_bram_ramblk/adc5g_char_b00_snapshot0_bram_ramblk/bra
   m_inst/BU2/U0/blk_mem_generator/valid.cstr/ramloop[14].ram.r/v5_noinit.ram/TR
   UE_DP.SINGLE_PRIM36.TDP
   of frag REGCLKBL connected to power/ground net
   adc5g_char_b00_snapshot0_bram_ramblk/adc5g_char_b00_snapshot0_bram_ramblk/bra
   m_inst/BU2/U0/blk_mem_generator/valid.cstr/ramloop[14].ram.r/v5_noinit.ram/TR
   UE_DP.SINGLE_PRIM36.TDP_REGCLKBL_tiesig
WARNING:Pack:2874 - Trimming timing constraints from pin
   adc5g_char_b00_snapshot0_bram_ramblk/adc5g_char_b00_snapshot0_bram_ramblk/bra
   m_inst/BU2/U0/blk_mem_generator/valid.cstr/ramloop[15].ram.r/v5_noinit.ram/TR
   UE_DP.SINGLE_PRIM36.TDP
   of frag REGCLKBU connected to power/ground net
   adc5g_char_b00_snapshot0_bram_ramblk/adc5g_char_b00_snapshot0_bram_ramblk/bra
   m_inst/BU2/U0/blk_mem_generator/valid.cstr/ramloop[15].ram.r/v5_noinit.ram/TR
   UE_DP.SINGLE_PRIM36.TDP_REGCLKBU_tiesig
WARNING:Pack:2874 - Trimming timing constraints from pin
   adc5g_char_b00_snapshot0_bram_ramblk/adc5g_char_b00_snapshot0_bram_ramblk/bra
   m_inst/BU2/U0/blk_mem_generator/valid.cstr/ramloop[15].ram.r/v5_noinit.ram/TR
   UE_DP.SINGLE_PRIM36.TDP
   of frag REGCLKBL connected to power/ground net
   adc5g_char_b00_snapshot0_bram_ramblk/adc5g_char_b00_snapshot0_bram_ramblk/bra
   m_inst/BU2/U0/blk_mem_generator/valid.cstr/ramloop[15].ram.r/v5_noinit.ram/TR
   UE_DP.SINGLE_PRIM36.TDP_REGCLKBL_tiesig
WARNING:Pack:2874 - Trimming timing constraints from pin
   adc5g_char_b00_snapshot0_bram_ramblk/adc5g_char_b00_snapshot0_bram_ramblk/bra
   m_inst/BU2/U0/blk_mem_generator/valid.cstr/ramloop[1].ram.r/v5_noinit.ram/TRU
   E_DP.SINGLE_PRIM36.TDP
   of frag REGCLKBU connected to power/ground net
   adc5g_char_b00_snapshot0_bram_ramblk/adc5g_char_b00_snapshot0_bram_ramblk/bra
   m_inst/BU2/U0/blk_mem_generator/valid.cstr/ramloop[1].ram.r/v5_noinit.ram/TRU
   E_DP.SINGLE_PRIM36.TDP_REGCLKBU_tiesig
WARNING:Pack:2874 - Trimming timing constraints from pin
   adc5g_char_b00_snapshot0_bram_ramblk/adc5g_char_b00_snapshot0_bram_ramblk/bra
   m_inst/BU2/U0/blk_mem_generator/valid.cstr/ramloop[1].ram.r/v5_noinit.ram/TRU
   E_DP.SINGLE_PRIM36.TDP
   of frag REGCLKBL connected to power/ground net
   adc5g_char_b00_snapshot0_bram_ramblk/adc5g_char_b00_snapshot0_bram_ramblk/bra
   m_inst/BU2/U0/blk_mem_generator/valid.cstr/ramloop[1].ram.r/v5_noinit.ram/TRU
   E_DP.SINGLE_PRIM36.TDP_REGCLKBL_tiesig
WARNING:Pack:2874 - Trimming timing constraints from pin
   adc5g_char_b00_snapshot0_bram_ramblk/adc5g_char_b00_snapshot0_bram_ramblk/bra
   m_inst/BU2/U0/blk_mem_generator/valid.cstr/ramloop[2].ram.r/v5_noinit.ram/TRU
   E_DP.SINGLE_PRIM36.TDP
   of frag REGCLKBU connected to power/ground net
   adc5g_char_b00_snapshot0_bram_ramblk/adc5g_char_b00_snapshot0_bram_ramblk/bra
   m_inst/BU2/U0/blk_mem_generator/valid.cstr/ramloop[2].ram.r/v5_noinit.ram/TRU
   E_DP.SINGLE_PRIM36.TDP_REGCLKBU_tiesig
WARNING:Pack:2874 - Trimming timing constraints from pin
   adc5g_char_b00_snapshot0_bram_ramblk/adc5g_char_b00_snapshot0_bram_ramblk/bra
   m_inst/BU2/U0/blk_mem_generator/valid.cstr/ramloop[2].ram.r/v5_noinit.ram/TRU
   E_DP.SINGLE_PRIM36.TDP
   of frag REGCLKBL connected to power/ground net
   adc5g_char_b00_snapshot0_bram_ramblk/adc5g_char_b00_snapshot0_bram_ramblk/bra
   m_inst/BU2/U0/blk_mem_generator/valid.cstr/ramloop[2].ram.r/v5_noinit.ram/TRU
   E_DP.SINGLE_PRIM36.TDP_REGCLKBL_tiesig
WARNING:Pack:2874 - Trimming timing constraints from pin
   adc5g_char_b00_snapshot0_bram_ramblk/adc5g_char_b00_snapshot0_bram_ramblk/bra
   m_inst/BU2/U0/blk_mem_generator/valid.cstr/ramloop[3].ram.r/v5_noinit.ram/TRU
   E_DP.SINGLE_PRIM36.TDP
   of frag REGCLKBU connected to power/ground net
   adc5g_char_b00_snapshot0_bram_ramblk/adc5g_char_b00_snapshot0_bram_ramblk/bra
   m_inst/BU2/U0/blk_mem_generator/valid.cstr/ramloop[3].ram.r/v5_noinit.ram/TRU
   E_DP.SINGLE_PRIM36.TDP_REGCLKBU_tiesig
WARNING:Pack:2874 - Trimming timing constraints from pin
   adc5g_char_b00_snapshot0_bram_ramblk/adc5g_char_b00_snapshot0_bram_ramblk/bra
   m_inst/BU2/U0/blk_mem_generator/valid.cstr/ramloop[3].ram.r/v5_noinit.ram/TRU
   E_DP.SINGLE_PRIM36.TDP
   of frag REGCLKBL connected to power/ground net
   adc5g_char_b00_snapshot0_bram_ramblk/adc5g_char_b00_snapshot0_bram_ramblk/bra
   m_inst/BU2/U0/blk_mem_generator/valid.cstr/ramloop[3].ram.r/v5_noinit.ram/TRU
   E_DP.SINGLE_PRIM36.TDP_REGCLKBL_tiesig
WARNING:Pack:2874 - Trimming timing constraints from pin
   adc5g_char_b00_snapshot0_bram_ramblk/adc5g_char_b00_snapshot0_bram_ramblk/bra
   m_inst/BU2/U0/blk_mem_generator/valid.cstr/ramloop[4].ram.r/v5_noinit.ram/TRU
   E_DP.SINGLE_PRIM36.TDP
   of frag REGCLKBU connected to power/ground net
   adc5g_char_b00_snapshot0_bram_ramblk/adc5g_char_b00_snapshot0_bram_ramblk/bra
   m_inst/BU2/U0/blk_mem_generator/valid.cstr/ramloop[4].ram.r/v5_noinit.ram/TRU
   E_DP.SINGLE_PRIM36.TDP_REGCLKBU_tiesig
WARNING:Pack:2874 - Trimming timing constraints from pin
   adc5g_char_b00_snapshot0_bram_ramblk/adc5g_char_b00_snapshot0_bram_ramblk/bra
   m_inst/BU2/U0/blk_mem_generator/valid.cstr/ramloop[4].ram.r/v5_noinit.ram/TRU
   E_DP.SINGLE_PRIM36.TDP
   of frag REGCLKBL connected to power/ground net
   adc5g_char_b00_snapshot0_bram_ramblk/adc5g_char_b00_snapshot0_bram_ramblk/bra
   m_inst/BU2/U0/blk_mem_generator/valid.cstr/ramloop[4].ram.r/v5_noinit.ram/TRU
   E_DP.SINGLE_PRIM36.TDP_REGCLKBL_tiesig
WARNING:Pack:2874 - Trimming timing constraints from pin
   adc5g_char_b00_snapshot0_bram_ramblk/adc5g_char_b00_snapshot0_bram_ramblk/bra
   m_inst/BU2/U0/blk_mem_generator/valid.cstr/ramloop[5].ram.r/v5_noinit.ram/TRU
   E_DP.SINGLE_PRIM36.TDP
   of frag REGCLKBU connected to power/ground net
   adc5g_char_b00_snapshot0_bram_ramblk/adc5g_char_b00_snapshot0_bram_ramblk/bra
   m_inst/BU2/U0/blk_mem_generator/valid.cstr/ramloop[5].ram.r/v5_noinit.ram/TRU
   E_DP.SINGLE_PRIM36.TDP_REGCLKBU_tiesig
WARNING:Pack:2874 - Trimming timing constraints from pin
   adc5g_char_b00_snapshot0_bram_ramblk/adc5g_char_b00_snapshot0_bram_ramblk/bra
   m_inst/BU2/U0/blk_mem_generator/valid.cstr/ramloop[5].ram.r/v5_noinit.ram/TRU
   E_DP.SINGLE_PRIM36.TDP
   of frag REGCLKBL connected to power/ground net
   adc5g_char_b00_snapshot0_bram_ramblk/adc5g_char_b00_snapshot0_bram_ramblk/bra
   m_inst/BU2/U0/blk_mem_generator/valid.cstr/ramloop[5].ram.r/v5_noinit.ram/TRU
   E_DP.SINGLE_PRIM36.TDP_REGCLKBL_tiesig
WARNING:Pack:2874 - Trimming timing constraints from pin
   adc5g_char_b00_snapshot0_bram_ramblk/adc5g_char_b00_snapshot0_bram_ramblk/bra
   m_inst/BU2/U0/blk_mem_generator/valid.cstr/ramloop[6].ram.r/v5_noinit.ram/TRU
   E_DP.SINGLE_PRIM36.TDP
   of frag REGCLKBU connected to power/ground net
   adc5g_char_b00_snapshot0_bram_ramblk/adc5g_char_b00_snapshot0_bram_ramblk/bra
   m_inst/BU2/U0/blk_mem_generator/valid.cstr/ramloop[6].ram.r/v5_noinit.ram/TRU
   E_DP.SINGLE_PRIM36.TDP_REGCLKBU_tiesig
WARNING:Pack:2874 - Trimming timing constraints from pin
   adc5g_char_b00_snapshot0_bram_ramblk/adc5g_char_b00_snapshot0_bram_ramblk/bra
   m_inst/BU2/U0/blk_mem_generator/valid.cstr/ramloop[6].ram.r/v5_noinit.ram/TRU
   E_DP.SINGLE_PRIM36.TDP
   of frag REGCLKBL connected to power/ground net
   adc5g_char_b00_snapshot0_bram_ramblk/adc5g_char_b00_snapshot0_bram_ramblk/bra
   m_inst/BU2/U0/blk_mem_generator/valid.cstr/ramloop[6].ram.r/v5_noinit.ram/TRU
   E_DP.SINGLE_PRIM36.TDP_REGCLKBL_tiesig
WARNING:Pack:2874 - Trimming timing constraints from pin
   adc5g_char_b00_snapshot0_bram_ramblk/adc5g_char_b00_snapshot0_bram_ramblk/bra
   m_inst/BU2/U0/blk_mem_generator/valid.cstr/ramloop[7].ram.r/v5_noinit.ram/TRU
   E_DP.SINGLE_PRIM36.TDP
   of frag REGCLKBU connected to power/ground net
   adc5g_char_b00_snapshot0_bram_ramblk/adc5g_char_b00_snapshot0_bram_ramblk/bra
   m_inst/BU2/U0/blk_mem_generator/valid.cstr/ramloop[7].ram.r/v5_noinit.ram/TRU
   E_DP.SINGLE_PRIM36.TDP_REGCLKBU_tiesig
WARNING:Pack:2874 - Trimming timing constraints from pin
   adc5g_char_b00_snapshot0_bram_ramblk/adc5g_char_b00_snapshot0_bram_ramblk/bra
   m_inst/BU2/U0/blk_mem_generator/valid.cstr/ramloop[7].ram.r/v5_noinit.ram/TRU
   E_DP.SINGLE_PRIM36.TDP
   of frag REGCLKBL connected to power/ground net
   adc5g_char_b00_snapshot0_bram_ramblk/adc5g_char_b00_snapshot0_bram_ramblk/bra
   m_inst/BU2/U0/blk_mem_generator/valid.cstr/ramloop[7].ram.r/v5_noinit.ram/TRU
   E_DP.SINGLE_PRIM36.TDP_REGCLKBL_tiesig
WARNING:Pack:2874 - Trimming timing constraints from pin
   adc5g_char_b00_snapshot0_bram_ramblk/adc5g_char_b00_snapshot0_bram_ramblk/bra
   m_inst/BU2/U0/blk_mem_generator/valid.cstr/ramloop[8].ram.r/v5_noinit.ram/TRU
   E_DP.SINGLE_PRIM36.TDP
   of frag REGCLKBU connected to power/ground net
   adc5g_char_b00_snapshot0_bram_ramblk/adc5g_char_b00_snapshot0_bram_ramblk/bra
   m_inst/BU2/U0/blk_mem_generator/valid.cstr/ramloop[8].ram.r/v5_noinit.ram/TRU
   E_DP.SINGLE_PRIM36.TDP_REGCLKBU_tiesig
WARNING:Pack:2874 - Trimming timing constraints from pin
   adc5g_char_b00_snapshot0_bram_ramblk/adc5g_char_b00_snapshot0_bram_ramblk/bra
   m_inst/BU2/U0/blk_mem_generator/valid.cstr/ramloop[8].ram.r/v5_noinit.ram/TRU
   E_DP.SINGLE_PRIM36.TDP
   of frag REGCLKBL connected to power/ground net
   adc5g_char_b00_snapshot0_bram_ramblk/adc5g_char_b00_snapshot0_bram_ramblk/bra
   m_inst/BU2/U0/blk_mem_generator/valid.cstr/ramloop[8].ram.r/v5_noinit.ram/TRU
   E_DP.SINGLE_PRIM36.TDP_REGCLKBL_tiesig
WARNING:Pack:2874 - Trimming timing constraints from pin
   adc5g_char_b00_snapshot0_bram_ramblk/adc5g_char_b00_snapshot0_bram_ramblk/bra
   m_inst/BU2/U0/blk_mem_generator/valid.cstr/ramloop[9].ram.r/v5_noinit.ram/TRU
   E_DP.SINGLE_PRIM36.TDP
   of frag REGCLKBU connected to power/ground net
   adc5g_char_b00_snapshot0_bram_ramblk/adc5g_char_b00_snapshot0_bram_ramblk/bra
   m_inst/BU2/U0/blk_mem_generator/valid.cstr/ramloop[9].ram.r/v5_noinit.ram/TRU
   E_DP.SINGLE_PRIM36.TDP_REGCLKBU_tiesig
WARNING:Pack:2874 - Trimming timing constraints from pin
   adc5g_char_b00_snapshot0_bram_ramblk/adc5g_char_b00_snapshot0_bram_ramblk/bra
   m_inst/BU2/U0/blk_mem_generator/valid.cstr/ramloop[9].ram.r/v5_noinit.ram/TRU
   E_DP.SINGLE_PRIM36.TDP
   of frag REGCLKBL connected to power/ground net
   adc5g_char_b00_snapshot0_bram_ramblk/adc5g_char_b00_snapshot0_bram_ramblk/bra
   m_inst/BU2/U0/blk_mem_generator/valid.cstr/ramloop[9].ram.r/v5_noinit.ram/TRU
   E_DP.SINGLE_PRIM36.TDP_REGCLKBL_tiesig
Running directed packing...
Running delay-based LUT packing...
Updating timing models...
INFO:Map:215 - The Interim Design Summary has been generated in the MAP Report
   (.mrp).
Running timing-driven placement...
Total REAL time at the beginning of Placer: 17 secs 
Total CPU  time at the beginning of Placer: 16 secs 

Phase 1.1  Initial Placement Analysis
Phase 1.1  Initial Placement Analysis (Checksum:77fe4bf1) REAL time: 18 secs 

Phase 2.7  Design Feasibility Check
Phase 2.7  Design Feasibility Check (Checksum:77fe4bf1) REAL time: 18 secs 

Phase 3.31  Local Placement Optimization
Phase 3.31  Local Placement Optimization (Checksum:22184291) REAL time: 18 secs 

Phase 4.37  Local Placement Optimization
Phase 4.37  Local Placement Optimization (Checksum:22184291) REAL time: 18 secs 

Phase 5.33  Local Placement Optimization
Phase 5.33  Local Placement Optimization (Checksum:22184291) REAL time: 29 secs 

Phase 6.32  Local Placement Optimization
Phase 6.32  Local Placement Optimization (Checksum:22184291) REAL time: 29 secs 

Phase 7.2  Initial Clock and IO Placement

Phase 7.2  Initial Clock and IO Placement (Checksum:4b9f5410) REAL time: 30 secs 

Phase 8.36  Local Placement Optimization
Phase 8.36  Local Placement Optimization (Checksum:4b9f5410) REAL time: 30 secs 

Phase 9.30  Global Clock Region Assignment
Phase 9.30  Global Clock Region Assignment (Checksum:4b9f5410) REAL time: 30 secs 

Phase 10.3  Local Placement Optimization
Phase 10.3  Local Placement Optimization (Checksum:4b9f5410) REAL time: 30 secs 

Phase 11.5  Local Placement Optimization
Phase 11.5  Local Placement Optimization (Checksum:4b9f5410) REAL time: 30 secs 

Phase 12.8  Global Placement
...................................................
..................
...............................................
............................................
................
Phase 12.8  Global Placement (Checksum:bcf5b053) REAL time: 39 secs 

Phase 13.29  Local Placement Optimization
Phase 13.29  Local Placement Optimization (Checksum:bcf5b053) REAL time: 39 secs 

Phase 14.5  Local Placement Optimization
Phase 14.5  Local Placement Optimization (Checksum:bcf5b053) REAL time: 39 secs 

Phase 15.18  Placement Optimization
Phase 15.18  Placement Optimization (Checksum:f511de81) REAL time: 1 mins 17 secs 

Phase 16.5  Local Placement Optimization
Phase 16.5  Local Placement Optimization (Checksum:f511de81) REAL time: 1 mins 17 secs 

Phase 17.34  Placement Validation
Phase 17.34  Placement Validation (Checksum:f511de81) REAL time: 1 mins 17 secs 

Total REAL time to Placer completion: 1 mins 17 secs 
Total CPU  time to Placer completion: 1 mins 16 secs 
Running physical synthesis...

Physical synthesis completed.
Running post-placement packing...
Writing output files...
WARNING:PhysDesignRules:367 - The signal <infrastructure_inst/dly_clk> is
   incomplete. The signal does not drive any load pins in the design.
WARNING:PhysDesignRules:367 - The signal <sys_reset> is incomplete. The signal
   does not drive any load pins in the design.

Design Summary
--------------

Design Summary:
Number of errors:      0
Number of warnings:  288
Slice Logic Utilization:
  Number of Slice Registers:                   733 out of  58,880    1%
    Number used as Flip Flops:                 733
  Number of Slice LUTs:                      1,092 out of  58,880    1%
    Number used as logic:                      952 out of  58,880    1%
      Number using O6 output only:             800
      Number using O5 output only:              92
      Number using O5 and O6:                   60
    Number used as Memory:                     137 out of  24,320    1%
      Number used as Shift Register:           137
        Number using O6 output only:           137
    Number used as exclusive route-thru:         3
  Number of route-thrus:                        95
    Number using O6 output only:                95

Slice Logic Distribution:
  Number of occupied Slices:                   416 out of  14,720    2%
  Number of LUT Flip Flop pairs used:        1,158
    Number with an unused Flip Flop:           425 out of   1,158   36%
    Number with an unused LUT:                  66 out of   1,158    5%
    Number of fully used LUT-FF pairs:         667 out of   1,158   57%
    Number of unique control sets:              21
    Number of slice register sites lost
      to control set restrictions:              50 out of  58,880    1%

  A LUT Flip Flop pair for this architecture represents one LUT paired with
  one Flip Flop within a slice.  A control set is a unique combination of
  clock, reset, set, and enable signals for a registered element.
  The Slice Logic Distribution report is not meaningful if the design is
  over-mapped for a non-slice resource or if Placement fails.
  OVERMAPPING of BRAM resources should be ignored if the design is
  over-mapped for a non-BRAM resource or if placement fails.

IO Utilization:
  Number of bonded IOBs:                       122 out of     640   19%
    Number of LOCed IOBs:                      122 out of     122  100%
    IOB Flip Flops:                             64

Specific Feature Utilization:
  Number of BlockRAM/FIFO:                      16 out of     244    6%
    Number using BlockRAM only:                 16
    Total primitives used:
      Number of 36k BlockRAM used:              16
    Total Memory used (KB):                    576 out of   8,784    6%
  Number of BUFG/BUFGCTRLs:                      4 out of      32   12%
    Number used as BUFGs:                        4
  Number of DCM_ADVs:                            1 out of      12    8%
  Number of DSP48Es:                             1 out of     640    1%
  Number of ISERDESs:                           32
  Number of PLL_ADVs:                            1 out of       6   16%

Average Fanout of Non-Clock Nets:                3.59

Peak Memory Usage:  911 MB
Total REAL time to MAP completion:  1 mins 23 secs 
Total CPU time to MAP completion:   1 mins 22 secs 

Mapping completed.
See MAP report file "system_map.mrp" for details.
